Archive member included because of file (symbol)

e:/simplicity_studio/developer/toolchains/gnu_arm/4.9_2015q3/bin/../lib/gcc/arm-none-eabi/4.9.3/armv6-m\libgcc.a(_udivsi3.o)
                              ./CMSIS/EFM32HG/system_efm32hg.o (__aeabi_uidiv)
e:/simplicity_studio/developer/toolchains/gnu_arm/4.9_2015q3/bin/../lib/gcc/arm-none-eabi/4.9.3/armv6-m\libgcc.a(_dvmd_tls.o)
                              e:/simplicity_studio/developer/toolchains/gnu_arm/4.9_2015q3/bin/../lib/gcc/arm-none-eabi/4.9.3/armv6-m\libgcc.a(_udivsi3.o) (__aeabi_idiv0)
e:/simplicity_studio/developer/toolchains/gnu_arm/4.9_2015q3/bin/../lib/gcc/arm-none-eabi/4.9.3/armv6-m\libgcc.a(_clzsi2.o)
                              ./emlib/em_cmu.o (__clzsi2)
e:/simplicity_studio/developer/toolchains/gnu_arm/4.9_2015q3/bin/../lib/gcc/arm-none-eabi/4.9.3/armv6-m\libgcc.a(_aeabi_uldivmod.o)
                              ./emlib/em_usart.o (__aeabi_uldivmod)
e:/simplicity_studio/developer/toolchains/gnu_arm/4.9_2015q3/bin/../lib/gcc/arm-none-eabi/4.9.3/armv6-m\libgcc.a(_muldi3.o)
                              ./emlib/em_usart.o (__aeabi_lmul)
e:/simplicity_studio/developer/toolchains/gnu_arm/4.9_2015q3/bin/../lib/gcc/arm-none-eabi/4.9.3/armv6-m\libgcc.a(bpabi.o)
                              e:/simplicity_studio/developer/toolchains/gnu_arm/4.9_2015q3/bin/../lib/gcc/arm-none-eabi/4.9.3/armv6-m\libgcc.a(_aeabi_uldivmod.o) (__gnu_uldivmod_helper)
e:/simplicity_studio/developer/toolchains/gnu_arm/4.9_2015q3/bin/../lib/gcc/arm-none-eabi/4.9.3/armv6-m\libgcc.a(_divdi3.o)
                              e:/simplicity_studio/developer/toolchains/gnu_arm/4.9_2015q3/bin/../lib/gcc/arm-none-eabi/4.9.3/armv6-m\libgcc.a(bpabi.o) (__divdi3)
e:/simplicity_studio/developer/toolchains/gnu_arm/4.9_2015q3/bin/../lib/gcc/arm-none-eabi/4.9.3/armv6-m\libgcc.a(_udivdi3.o)
                              e:/simplicity_studio/developer/toolchains/gnu_arm/4.9_2015q3/bin/../lib/gcc/arm-none-eabi/4.9.3/armv6-m\libgcc.a(bpabi.o) (__udivdi3)
e:/simplicity_studio/developer/toolchains/gnu_arm/4.9_2015q3/bin/../lib/gcc/arm-none-eabi/4.9.3/armv6-m\libgcc.a(_clzdi2.o)
                              e:/simplicity_studio/developer/toolchains/gnu_arm/4.9_2015q3/bin/../lib/gcc/arm-none-eabi/4.9.3/armv6-m\libgcc.a(_divdi3.o) (__clzdi2)
e:/simplicity_studio/developer/toolchains/gnu_arm/4.9_2015q3/bin/../lib/gcc/arm-none-eabi/4.9.3/../../../../arm-none-eabi/lib/armv6-m\libc_nano.a(lib_a-exit.o)
                              e:/simplicity_studio/developer/toolchains/gnu_arm/4.9_2015q3/bin/../lib/gcc/arm-none-eabi/4.9.3/../../../../arm-none-eabi/lib/armv6-m/crt0.o (exit)
e:/simplicity_studio/developer/toolchains/gnu_arm/4.9_2015q3/bin/../lib/gcc/arm-none-eabi/4.9.3/../../../../arm-none-eabi/lib/armv6-m\libc_nano.a(lib_a-impure.o)
                              e:/simplicity_studio/developer/toolchains/gnu_arm/4.9_2015q3/bin/../lib/gcc/arm-none-eabi/4.9.3/../../../../arm-none-eabi/lib/armv6-m\libc_nano.a(lib_a-exit.o) (_global_impure_ptr)
e:/simplicity_studio/developer/toolchains/gnu_arm/4.9_2015q3/bin/../lib/gcc/arm-none-eabi/4.9.3/../../../../arm-none-eabi/lib/armv6-m\libc_nano.a(lib_a-init.o)
                              e:/simplicity_studio/developer/toolchains/gnu_arm/4.9_2015q3/bin/../lib/gcc/arm-none-eabi/4.9.3/../../../../arm-none-eabi/lib/armv6-m/crt0.o (__libc_init_array)
e:/simplicity_studio/developer/toolchains/gnu_arm/4.9_2015q3/bin/../lib/gcc/arm-none-eabi/4.9.3/../../../../arm-none-eabi/lib/armv6-m\libc_nano.a(lib_a-memset.o)
                              e:/simplicity_studio/developer/toolchains/gnu_arm/4.9_2015q3/bin/../lib/gcc/arm-none-eabi/4.9.3/../../../../arm-none-eabi/lib/armv6-m/crt0.o (memset)
e:/simplicity_studio/developer/toolchains/gnu_arm/4.9_2015q3/bin/../lib/gcc/arm-none-eabi/4.9.3/../../../../arm-none-eabi/lib/armv6-m\libnosys.a(_exit.o)
                              e:/simplicity_studio/developer/toolchains/gnu_arm/4.9_2015q3/bin/../lib/gcc/arm-none-eabi/4.9.3/../../../../arm-none-eabi/lib/armv6-m\libc_nano.a(lib_a-exit.o) (_exit)

Discarded input sections

 .text          0x00000000        0x0 e:/simplicity_studio/developer/toolchains/gnu_arm/4.9_2015q3/bin/../lib/gcc/arm-none-eabi/4.9.3/armv6-m/crti.o
 .data          0x00000000        0x0 e:/simplicity_studio/developer/toolchains/gnu_arm/4.9_2015q3/bin/../lib/gcc/arm-none-eabi/4.9.3/armv6-m/crti.o
 .bss           0x00000000        0x0 e:/simplicity_studio/developer/toolchains/gnu_arm/4.9_2015q3/bin/../lib/gcc/arm-none-eabi/4.9.3/armv6-m/crti.o
 .data          0x00000000        0x4 e:/simplicity_studio/developer/toolchains/gnu_arm/4.9_2015q3/bin/../lib/gcc/arm-none-eabi/4.9.3/armv6-m/crtbegin.o
 .data          0x00000000        0x0 e:/simplicity_studio/developer/toolchains/gnu_arm/4.9_2015q3/bin/../lib/gcc/arm-none-eabi/4.9.3/../../../../arm-none-eabi/lib/armv6-m/crt0.o
 .bss           0x00000000        0x0 e:/simplicity_studio/developer/toolchains/gnu_arm/4.9_2015q3/bin/../lib/gcc/arm-none-eabi/4.9.3/../../../../arm-none-eabi/lib/armv6-m/crt0.o
 .ARM.extab     0x00000000        0x0 e:/simplicity_studio/developer/toolchains/gnu_arm/4.9_2015q3/bin/../lib/gcc/arm-none-eabi/4.9.3/../../../../arm-none-eabi/lib/armv6-m/crt0.o
 .text          0x00000000        0x0 ./BSP/bsp_stk_leds.o
 .data          0x00000000        0x0 ./BSP/bsp_stk_leds.o
 .bss           0x00000000        0x0 ./BSP/bsp_stk_leds.o
 .text.BUS_RegBitRead
                0x00000000       0x20 ./BSP/bsp_stk_leds.o
 .text.GPIO_PinOutGet
                0x00000000       0xac ./BSP/bsp_stk_leds.o
 .text.GPIO_PinOutToggle
                0x00000000       0xac ./BSP/bsp_stk_leds.o
 .text.BSP_LedsGet
                0x00000000       0x68 ./BSP/bsp_stk_leds.o
 .text.BSP_LedsSet
                0x00000000       0x70 ./BSP/bsp_stk_leds.o
 .text.BSP_LedGet
                0x00000000       0x48 ./BSP/bsp_stk_leds.o
 .text.BSP_LedToggle
                0x00000000       0x44 ./BSP/bsp_stk_leds.o
 .data          0x00000000        0x0 ./CMSIS/EFM32HG/startup_efm32hg.o
 .bss           0x00000000        0x0 ./CMSIS/EFM32HG/startup_efm32hg.o
 .text          0x00000000        0x0 ./CMSIS/EFM32HG/system_efm32hg.o
 .data          0x00000000        0x0 ./CMSIS/EFM32HG/system_efm32hg.o
 .bss           0x00000000        0x0 ./CMSIS/EFM32HG/system_efm32hg.o
 .text.SystemHFXOClockGet
                0x00000000       0x14 ./CMSIS/EFM32HG/system_efm32hg.o
 .text.SystemHFXOClockSet
                0x00000000       0x2c ./CMSIS/EFM32HG/system_efm32hg.o
 .text.SystemLFXOClockSet
                0x00000000       0x2c ./CMSIS/EFM32HG/system_efm32hg.o
 .text          0x00000000        0x0 ./emlib/em_assert.o
 .data          0x00000000        0x0 ./emlib/em_assert.o
 .bss           0x00000000        0x0 ./emlib/em_assert.o
 .text          0x00000000        0x0 ./emlib/em_cmu.o
 .data          0x00000000        0x0 ./emlib/em_cmu.o
 .bss           0x00000000        0x0 ./emlib/em_cmu.o
 .text.BUS_RegMaskedWrite
                0x00000000       0x24 ./emlib/em_cmu.o
 .text.CMU_DivToLog2
                0x00000000       0x48 ./emlib/em_cmu.o
 .text.CMU_Log2ToDiv
                0x00000000       0x18 ./emlib/em_cmu.o
 .text.CMU_AUXHFRCOBandGet
                0x00000000       0x1c ./emlib/em_cmu.o
 .text.CMU_AUXHFRCOBandSet
                0x00000000       0xa0 ./emlib/em_cmu.o
 .rodata.CMU_AUXHFRCOBandSet
                0x00000000       0x20 ./emlib/em_cmu.o
 .text.CMU_Calibrate
                0x00000000       0xb8 ./emlib/em_cmu.o
 .rodata.CMU_Calibrate
                0x00000000       0x18 ./emlib/em_cmu.o
 .text.CMU_CalibrateConfig
                0x00000000      0x118 ./emlib/em_cmu.o
 .rodata.CMU_CalibrateConfig
                0x00000000       0x30 ./emlib/em_cmu.o
 .text.CMU_CalibrateCountGet
                0x00000000       0x38 ./emlib/em_cmu.o
 .text.CMU_ClockDivGet
                0x00000000      0x10c ./emlib/em_cmu.o
 .rodata.CMU_ClockDivGet
                0x00000000       0x20 ./emlib/em_cmu.o
 .text.CMU_ClockDivSet
                0x00000000      0x1e8 ./emlib/em_cmu.o
 .rodata.CMU_ClockDivSet
                0x00000000       0x20 ./emlib/em_cmu.o
 .text.CMU_FreezeEnable
                0x00000000       0x38 ./emlib/em_cmu.o
 .text.CMU_HFRCOBandGet
                0x00000000       0x1c ./emlib/em_cmu.o
 .text.CMU_HFRCOBandSet
                0x00000000       0xd8 ./emlib/em_cmu.o
 .rodata.CMU_HFRCOBandSet
                0x00000000       0x14 ./emlib/em_cmu.o
 .text.CMU_HFRCOStartupDelayGet
                0x00000000       0x1c ./emlib/em_cmu.o
 .text.CMU_HFRCOStartupDelaySet
                0x00000000       0x4c ./emlib/em_cmu.o
 .text.CMU_HFXOInit
                0x00000000       0x74 ./emlib/em_cmu.o
 .text.CMU_LCDClkFDIVGet
                0x00000000        0xc ./emlib/em_cmu.o
 .text.CMU_LCDClkFDIVSet
                0x00000000       0x10 ./emlib/em_cmu.o
 .text.CMU_LFXOInit
                0x00000000       0x7c ./emlib/em_cmu.o
 .text.CMU_OscillatorTuningGet
                0x00000000       0x80 ./emlib/em_cmu.o
 .text.CMU_OscillatorTuningSet
                0x00000000      0x114 ./emlib/em_cmu.o
 .text.CMU_PCNTClockExternalGet
                0x00000000       0x34 ./emlib/em_cmu.o
 .text.CMU_PCNTClockExternalSet
                0x00000000       0x58 ./emlib/em_cmu.o
 .text.CMU_USHFRCOBandGet
                0x00000000       0x1c ./emlib/em_cmu.o
 .text.CMU_USHFRCOBandSet
                0x00000000      0x12c ./emlib/em_cmu.o
 .text          0x00000000        0x0 ./emlib/em_emu.o
 .data          0x00000000        0x0 ./emlib/em_emu.o
 .bss           0x00000000        0x0 ./emlib/em_emu.o
 .text.EMU_Unlock
                0x00000000       0x18 ./emlib/em_emu.o
 .text.EMU_EnterEM3
                0x00000000       0x6c ./emlib/em_emu.o
 .text.EMU_Save
                0x00000000       0x10 ./emlib/em_emu.o
 .text.EMU_Restore
                0x00000000       0x10 ./emlib/em_emu.o
 .text.EMU_EnterEM4
                0x00000000       0x5c ./emlib/em_emu.o
 .text.EMU_MemPwrDown
                0x00000000       0x10 ./emlib/em_emu.o
 .text.EMU_RamPowerDown
                0x00000000       0x24 ./emlib/em_emu.o
 .text.EMU_UpdateOscConfig
                0x00000000       0x10 ./emlib/em_emu.o
 .text.EMU_EM23Init
                0x00000000       0x30 ./emlib/em_emu.o
 .text          0x00000000        0x0 ./emlib/em_gpio.o
 .data          0x00000000        0x0 ./emlib/em_gpio.o
 .bss           0x00000000        0x0 ./emlib/em_gpio.o
 .text.GPIO_EM4SetPinRetention
                0x00000000       0x4c ./emlib/em_gpio.o
 .text.GPIO_DbgLocationSet
                0x00000000       0x10 ./emlib/em_gpio.o
 .text.GPIO_DriveModeSet
                0x00000000       0x90 ./emlib/em_gpio.o
 .text.GPIO_PinModeGet
                0x00000000       0xe0 ./emlib/em_gpio.o
 .text.GPIO_EM4EnablePinWakeup
                0x00000000       0x98 ./emlib/em_gpio.o
 .text          0x00000000        0x0 ./emlib/em_i2c.o
 .data          0x00000000        0x0 ./emlib/em_i2c.o
 .bss           0x00000000        0x0 ./emlib/em_i2c.o
 .text.BUS_RegBitWrite
                0x00000000       0x3c ./emlib/em_i2c.o
 .text.BUS_RegMaskedWrite
                0x00000000       0x24 ./emlib/em_i2c.o
 .rodata.i2cNSum
                0x00000000        0x4 ./emlib/em_i2c.o
 .bss.i2cTransfer
                0x00000000        0xc ./emlib/em_i2c.o
 .text.I2C_BusFreqGet
                0x00000000       0x4c ./emlib/em_i2c.o
 .rodata        0x00000000       0x55 ./emlib/em_i2c.o
 .text.I2C_BusFreqSet
                0x00000000      0x16c ./emlib/em_i2c.o
 .text.I2C_Enable
                0x00000000       0x44 ./emlib/em_i2c.o
 .text.I2C_Init
                0x00000000       0x7c ./emlib/em_i2c.o
 .text.I2C_Reset
                0x00000000       0x38 ./emlib/em_i2c.o
 .text.I2C_Transfer
                0x00000000      0x41c ./emlib/em_i2c.o
 .rodata.I2C_Transfer
                0x00000000       0x24 ./emlib/em_i2c.o
 .text.I2C_TransferInit
                0x00000000       0xf0 ./emlib/em_i2c.o
 .debug_info    0x00000000      0x80c ./emlib/em_i2c.o
 .debug_abbrev  0x00000000      0x22a ./emlib/em_i2c.o
 .debug_loc     0x00000000      0x1f8 ./emlib/em_i2c.o
 .debug_aranges
                0x00000000       0x60 ./emlib/em_i2c.o
 .debug_ranges  0x00000000       0x50 ./emlib/em_i2c.o
 .debug_line    0x00000000      0x472 ./emlib/em_i2c.o
 .debug_str     0x00000000      0x74f ./emlib/em_i2c.o
 .comment       0x00000000       0x71 ./emlib/em_i2c.o
 .debug_frame   0x00000000      0x130 ./emlib/em_i2c.o
 .ARM.attributes
                0x00000000       0x32 ./emlib/em_i2c.o
 .text          0x00000000        0x0 ./emlib/em_usart.o
 .data          0x00000000        0x0 ./emlib/em_usart.o
 .bss           0x00000000        0x0 ./emlib/em_usart.o
 .text.USART_BaudrateAsyncSet
                0x00000000      0x14c ./emlib/em_usart.o
 .text.USART_BaudrateCalc
                0x00000000      0x124 ./emlib/em_usart.o
 .text.USART_BaudrateGet
                0x00000000       0x64 ./emlib/em_usart.o
 .text.USART_InitAsync
                0x00000000       0xa4 ./emlib/em_usart.o
 .text.USARTn_InitIrDA
                0x00000000       0xa0 ./emlib/em_usart.o
 .text.USART_InitI2s
                0x00000000       0xb8 ./emlib/em_usart.o
 .text.USART_InitPrsTrigger
                0x00000000       0x5c ./emlib/em_usart.o
 .text.USART_Rx
                0x00000000       0x24 ./emlib/em_usart.o
 .text.USART_RxDouble
                0x00000000       0x24 ./emlib/em_usart.o
 .text.USART_RxDoubleExt
                0x00000000       0x24 ./emlib/em_usart.o
 .text.USART_RxExt
                0x00000000       0x24 ./emlib/em_usart.o
 .text.USART_Tx
                0x00000000       0x28 ./emlib/em_usart.o
 .text.USART_TxDouble
                0x00000000       0x28 ./emlib/em_usart.o
 .text.USART_TxDoubleExt
                0x00000000       0x24 ./emlib/em_usart.o
 .text.USART_TxExt
                0x00000000       0x28 ./emlib/em_usart.o
 .text          0x00000000        0x0 ./src/blink.o
 .data          0x00000000        0x0 ./src/blink.o
 .bss           0x00000000        0x0 ./src/blink.o
 .text.Chip_read_8_bit_data
                0x00000000       0x70 ./src/blink.o
 .data          0x00000000        0x0 e:/simplicity_studio/developer/toolchains/gnu_arm/4.9_2015q3/bin/../lib/gcc/arm-none-eabi/4.9.3/armv6-m\libgcc.a(_udivsi3.o)
 .bss           0x00000000        0x0 e:/simplicity_studio/developer/toolchains/gnu_arm/4.9_2015q3/bin/../lib/gcc/arm-none-eabi/4.9.3/armv6-m\libgcc.a(_udivsi3.o)
 .data          0x00000000        0x0 e:/simplicity_studio/developer/toolchains/gnu_arm/4.9_2015q3/bin/../lib/gcc/arm-none-eabi/4.9.3/armv6-m\libgcc.a(_dvmd_tls.o)
 .bss           0x00000000        0x0 e:/simplicity_studio/developer/toolchains/gnu_arm/4.9_2015q3/bin/../lib/gcc/arm-none-eabi/4.9.3/armv6-m\libgcc.a(_dvmd_tls.o)
 .text          0x00000000       0x3c e:/simplicity_studio/developer/toolchains/gnu_arm/4.9_2015q3/bin/../lib/gcc/arm-none-eabi/4.9.3/armv6-m\libgcc.a(_clzsi2.o)
 .data          0x00000000        0x0 e:/simplicity_studio/developer/toolchains/gnu_arm/4.9_2015q3/bin/../lib/gcc/arm-none-eabi/4.9.3/armv6-m\libgcc.a(_clzsi2.o)
 .bss           0x00000000        0x0 e:/simplicity_studio/developer/toolchains/gnu_arm/4.9_2015q3/bin/../lib/gcc/arm-none-eabi/4.9.3/armv6-m\libgcc.a(_clzsi2.o)
 .ARM.attributes
                0x00000000       0x1e e:/simplicity_studio/developer/toolchains/gnu_arm/4.9_2015q3/bin/../lib/gcc/arm-none-eabi/4.9.3/armv6-m\libgcc.a(_clzsi2.o)
 .text          0x00000000       0x40 e:/simplicity_studio/developer/toolchains/gnu_arm/4.9_2015q3/bin/../lib/gcc/arm-none-eabi/4.9.3/armv6-m\libgcc.a(_aeabi_uldivmod.o)
 .data          0x00000000        0x0 e:/simplicity_studio/developer/toolchains/gnu_arm/4.9_2015q3/bin/../lib/gcc/arm-none-eabi/4.9.3/armv6-m\libgcc.a(_aeabi_uldivmod.o)
 .bss           0x00000000        0x0 e:/simplicity_studio/developer/toolchains/gnu_arm/4.9_2015q3/bin/../lib/gcc/arm-none-eabi/4.9.3/armv6-m\libgcc.a(_aeabi_uldivmod.o)
 .ARM.attributes
                0x00000000       0x1e e:/simplicity_studio/developer/toolchains/gnu_arm/4.9_2015q3/bin/../lib/gcc/arm-none-eabi/4.9.3/armv6-m\libgcc.a(_aeabi_uldivmod.o)
 .text          0x00000000       0x54 e:/simplicity_studio/developer/toolchains/gnu_arm/4.9_2015q3/bin/../lib/gcc/arm-none-eabi/4.9.3/armv6-m\libgcc.a(_muldi3.o)
 .data          0x00000000        0x0 e:/simplicity_studio/developer/toolchains/gnu_arm/4.9_2015q3/bin/../lib/gcc/arm-none-eabi/4.9.3/armv6-m\libgcc.a(_muldi3.o)
 .bss           0x00000000        0x0 e:/simplicity_studio/developer/toolchains/gnu_arm/4.9_2015q3/bin/../lib/gcc/arm-none-eabi/4.9.3/armv6-m\libgcc.a(_muldi3.o)
 .debug_frame   0x00000000       0x34 e:/simplicity_studio/developer/toolchains/gnu_arm/4.9_2015q3/bin/../lib/gcc/arm-none-eabi/4.9.3/armv6-m\libgcc.a(_muldi3.o)
 .ARM.attributes
                0x00000000       0x2c e:/simplicity_studio/developer/toolchains/gnu_arm/4.9_2015q3/bin/../lib/gcc/arm-none-eabi/4.9.3/armv6-m\libgcc.a(_muldi3.o)
 .text          0x00000000       0x6c e:/simplicity_studio/developer/toolchains/gnu_arm/4.9_2015q3/bin/../lib/gcc/arm-none-eabi/4.9.3/armv6-m\libgcc.a(bpabi.o)
 .data          0x00000000        0x0 e:/simplicity_studio/developer/toolchains/gnu_arm/4.9_2015q3/bin/../lib/gcc/arm-none-eabi/4.9.3/armv6-m\libgcc.a(bpabi.o)
 .bss           0x00000000        0x0 e:/simplicity_studio/developer/toolchains/gnu_arm/4.9_2015q3/bin/../lib/gcc/arm-none-eabi/4.9.3/armv6-m\libgcc.a(bpabi.o)
 .debug_frame   0x00000000       0x50 e:/simplicity_studio/developer/toolchains/gnu_arm/4.9_2015q3/bin/../lib/gcc/arm-none-eabi/4.9.3/armv6-m\libgcc.a(bpabi.o)
 .ARM.attributes
                0x00000000       0x2c e:/simplicity_studio/developer/toolchains/gnu_arm/4.9_2015q3/bin/../lib/gcc/arm-none-eabi/4.9.3/armv6-m\libgcc.a(bpabi.o)
 .text          0x00000000      0x1f0 e:/simplicity_studio/developer/toolchains/gnu_arm/4.9_2015q3/bin/../lib/gcc/arm-none-eabi/4.9.3/armv6-m\libgcc.a(_divdi3.o)
 .data          0x00000000        0x0 e:/simplicity_studio/developer/toolchains/gnu_arm/4.9_2015q3/bin/../lib/gcc/arm-none-eabi/4.9.3/armv6-m\libgcc.a(_divdi3.o)
 .bss           0x00000000        0x0 e:/simplicity_studio/developer/toolchains/gnu_arm/4.9_2015q3/bin/../lib/gcc/arm-none-eabi/4.9.3/armv6-m\libgcc.a(_divdi3.o)
 .ARM.extab     0x00000000        0x0 e:/simplicity_studio/developer/toolchains/gnu_arm/4.9_2015q3/bin/../lib/gcc/arm-none-eabi/4.9.3/armv6-m\libgcc.a(_divdi3.o)
 .ARM.exidx     0x00000000        0x8 e:/simplicity_studio/developer/toolchains/gnu_arm/4.9_2015q3/bin/../lib/gcc/arm-none-eabi/4.9.3/armv6-m\libgcc.a(_divdi3.o)
 .debug_frame   0x00000000       0x3c e:/simplicity_studio/developer/toolchains/gnu_arm/4.9_2015q3/bin/../lib/gcc/arm-none-eabi/4.9.3/armv6-m\libgcc.a(_divdi3.o)
 .ARM.attributes
                0x00000000       0x2c e:/simplicity_studio/developer/toolchains/gnu_arm/4.9_2015q3/bin/../lib/gcc/arm-none-eabi/4.9.3/armv6-m\libgcc.a(_divdi3.o)
 .text          0x00000000      0x158 e:/simplicity_studio/developer/toolchains/gnu_arm/4.9_2015q3/bin/../lib/gcc/arm-none-eabi/4.9.3/armv6-m\libgcc.a(_udivdi3.o)
 .data          0x00000000        0x0 e:/simplicity_studio/developer/toolchains/gnu_arm/4.9_2015q3/bin/../lib/gcc/arm-none-eabi/4.9.3/armv6-m\libgcc.a(_udivdi3.o)
 .bss           0x00000000        0x0 e:/simplicity_studio/developer/toolchains/gnu_arm/4.9_2015q3/bin/../lib/gcc/arm-none-eabi/4.9.3/armv6-m\libgcc.a(_udivdi3.o)
 .ARM.extab     0x00000000        0x0 e:/simplicity_studio/developer/toolchains/gnu_arm/4.9_2015q3/bin/../lib/gcc/arm-none-eabi/4.9.3/armv6-m\libgcc.a(_udivdi3.o)
 .ARM.exidx     0x00000000        0x8 e:/simplicity_studio/developer/toolchains/gnu_arm/4.9_2015q3/bin/../lib/gcc/arm-none-eabi/4.9.3/armv6-m\libgcc.a(_udivdi3.o)
 .debug_frame   0x00000000       0x3c e:/simplicity_studio/developer/toolchains/gnu_arm/4.9_2015q3/bin/../lib/gcc/arm-none-eabi/4.9.3/armv6-m\libgcc.a(_udivdi3.o)
 .ARM.attributes
                0x00000000       0x2c e:/simplicity_studio/developer/toolchains/gnu_arm/4.9_2015q3/bin/../lib/gcc/arm-none-eabi/4.9.3/armv6-m\libgcc.a(_udivdi3.o)
 .text          0x00000000       0x18 e:/simplicity_studio/developer/toolchains/gnu_arm/4.9_2015q3/bin/../lib/gcc/arm-none-eabi/4.9.3/armv6-m\libgcc.a(_clzdi2.o)
 .data          0x00000000        0x0 e:/simplicity_studio/developer/toolchains/gnu_arm/4.9_2015q3/bin/../lib/gcc/arm-none-eabi/4.9.3/armv6-m\libgcc.a(_clzdi2.o)
 .bss           0x00000000        0x0 e:/simplicity_studio/developer/toolchains/gnu_arm/4.9_2015q3/bin/../lib/gcc/arm-none-eabi/4.9.3/armv6-m\libgcc.a(_clzdi2.o)
 .ARM.attributes
                0x00000000       0x1e e:/simplicity_studio/developer/toolchains/gnu_arm/4.9_2015q3/bin/../lib/gcc/arm-none-eabi/4.9.3/armv6-m\libgcc.a(_clzdi2.o)
 .text          0x00000000        0x0 e:/simplicity_studio/developer/toolchains/gnu_arm/4.9_2015q3/bin/../lib/gcc/arm-none-eabi/4.9.3/../../../../arm-none-eabi/lib/armv6-m\libc_nano.a(lib_a-exit.o)
 .data          0x00000000        0x0 e:/simplicity_studio/developer/toolchains/gnu_arm/4.9_2015q3/bin/../lib/gcc/arm-none-eabi/4.9.3/../../../../arm-none-eabi/lib/armv6-m\libc_nano.a(lib_a-exit.o)
 .bss           0x00000000        0x0 e:/simplicity_studio/developer/toolchains/gnu_arm/4.9_2015q3/bin/../lib/gcc/arm-none-eabi/4.9.3/../../../../arm-none-eabi/lib/armv6-m\libc_nano.a(lib_a-exit.o)
 .text          0x00000000        0x0 e:/simplicity_studio/developer/toolchains/gnu_arm/4.9_2015q3/bin/../lib/gcc/arm-none-eabi/4.9.3/../../../../arm-none-eabi/lib/armv6-m\libc_nano.a(lib_a-impure.o)
 .data          0x00000000        0x0 e:/simplicity_studio/developer/toolchains/gnu_arm/4.9_2015q3/bin/../lib/gcc/arm-none-eabi/4.9.3/../../../../arm-none-eabi/lib/armv6-m\libc_nano.a(lib_a-impure.o)
 .bss           0x00000000        0x0 e:/simplicity_studio/developer/toolchains/gnu_arm/4.9_2015q3/bin/../lib/gcc/arm-none-eabi/4.9.3/../../../../arm-none-eabi/lib/armv6-m\libc_nano.a(lib_a-impure.o)
 .data._impure_ptr
                0x00000000        0x4 e:/simplicity_studio/developer/toolchains/gnu_arm/4.9_2015q3/bin/../lib/gcc/arm-none-eabi/4.9.3/../../../../arm-none-eabi/lib/armv6-m\libc_nano.a(lib_a-impure.o)
 .text          0x00000000        0x0 e:/simplicity_studio/developer/toolchains/gnu_arm/4.9_2015q3/bin/../lib/gcc/arm-none-eabi/4.9.3/../../../../arm-none-eabi/lib/armv6-m\libc_nano.a(lib_a-init.o)
 .data          0x00000000        0x0 e:/simplicity_studio/developer/toolchains/gnu_arm/4.9_2015q3/bin/../lib/gcc/arm-none-eabi/4.9.3/../../../../arm-none-eabi/lib/armv6-m\libc_nano.a(lib_a-init.o)
 .bss           0x00000000        0x0 e:/simplicity_studio/developer/toolchains/gnu_arm/4.9_2015q3/bin/../lib/gcc/arm-none-eabi/4.9.3/../../../../arm-none-eabi/lib/armv6-m\libc_nano.a(lib_a-init.o)
 .text          0x00000000        0x0 e:/simplicity_studio/developer/toolchains/gnu_arm/4.9_2015q3/bin/../lib/gcc/arm-none-eabi/4.9.3/../../../../arm-none-eabi/lib/armv6-m\libc_nano.a(lib_a-memset.o)
 .data          0x00000000        0x0 e:/simplicity_studio/developer/toolchains/gnu_arm/4.9_2015q3/bin/../lib/gcc/arm-none-eabi/4.9.3/../../../../arm-none-eabi/lib/armv6-m\libc_nano.a(lib_a-memset.o)
 .bss           0x00000000        0x0 e:/simplicity_studio/developer/toolchains/gnu_arm/4.9_2015q3/bin/../lib/gcc/arm-none-eabi/4.9.3/../../../../arm-none-eabi/lib/armv6-m\libc_nano.a(lib_a-memset.o)
 .text          0x00000000        0x0 e:/simplicity_studio/developer/toolchains/gnu_arm/4.9_2015q3/bin/../lib/gcc/arm-none-eabi/4.9.3/../../../../arm-none-eabi/lib/armv6-m\libnosys.a(_exit.o)
 .data          0x00000000        0x0 e:/simplicity_studio/developer/toolchains/gnu_arm/4.9_2015q3/bin/../lib/gcc/arm-none-eabi/4.9.3/../../../../arm-none-eabi/lib/armv6-m\libnosys.a(_exit.o)
 .bss           0x00000000        0x0 e:/simplicity_studio/developer/toolchains/gnu_arm/4.9_2015q3/bin/../lib/gcc/arm-none-eabi/4.9.3/../../../../arm-none-eabi/lib/armv6-m\libnosys.a(_exit.o)
 .text          0x00000000        0x0 e:/simplicity_studio/developer/toolchains/gnu_arm/4.9_2015q3/bin/../lib/gcc/arm-none-eabi/4.9.3/armv6-m/crtend.o
 .data          0x00000000        0x0 e:/simplicity_studio/developer/toolchains/gnu_arm/4.9_2015q3/bin/../lib/gcc/arm-none-eabi/4.9.3/armv6-m/crtend.o
 .bss           0x00000000        0x0 e:/simplicity_studio/developer/toolchains/gnu_arm/4.9_2015q3/bin/../lib/gcc/arm-none-eabi/4.9.3/armv6-m/crtend.o
 .text          0x00000000        0x0 e:/simplicity_studio/developer/toolchains/gnu_arm/4.9_2015q3/bin/../lib/gcc/arm-none-eabi/4.9.3/armv6-m/crtn.o
 .data          0x00000000        0x0 e:/simplicity_studio/developer/toolchains/gnu_arm/4.9_2015q3/bin/../lib/gcc/arm-none-eabi/4.9.3/armv6-m/crtn.o
 .bss           0x00000000        0x0 e:/simplicity_studio/developer/toolchains/gnu_arm/4.9_2015q3/bin/../lib/gcc/arm-none-eabi/4.9.3/armv6-m/crtn.o

Memory Configuration

Name             Origin             Length             Attributes
FLASH            0x00000000         0x00010000         xr
RAM              0x20000000         0x00002000         xrw
*default*        0x00000000         0xffffffff

Linker script and memory map

LOAD e:/simplicity_studio/developer/toolchains/gnu_arm/4.9_2015q3/bin/../lib/gcc/arm-none-eabi/4.9.3/armv6-m/crti.o
LOAD e:/simplicity_studio/developer/toolchains/gnu_arm/4.9_2015q3/bin/../lib/gcc/arm-none-eabi/4.9.3/armv6-m/crtbegin.o
LOAD e:/simplicity_studio/developer/toolchains/gnu_arm/4.9_2015q3/bin/../lib/gcc/arm-none-eabi/4.9.3/../../../../arm-none-eabi/lib/armv6-m/crt0.o
LOAD ./BSP/bsp_stk_leds.o
LOAD ./CMSIS/EFM32HG/startup_efm32hg.o
LOAD ./CMSIS/EFM32HG/system_efm32hg.o
LOAD ./emlib/em_assert.o
LOAD ./emlib/em_cmu.o
LOAD ./emlib/em_emu.o
LOAD ./emlib/em_gpio.o
LOAD ./emlib/em_i2c.o
LOAD ./emlib/em_usart.o
LOAD ./src/blink.o
START GROUP
LOAD e:/simplicity_studio/developer/toolchains/gnu_arm/4.9_2015q3/bin/../lib/gcc/arm-none-eabi/4.9.3/armv6-m\libgcc.a
LOAD e:/simplicity_studio/developer/toolchains/gnu_arm/4.9_2015q3/bin/../lib/gcc/arm-none-eabi/4.9.3/../../../../arm-none-eabi/lib/armv6-m\libc_nano.a
LOAD e:/simplicity_studio/developer/toolchains/gnu_arm/4.9_2015q3/bin/../lib/gcc/arm-none-eabi/4.9.3/../../../../arm-none-eabi/lib/armv6-m\libnosys.a
END GROUP
START GROUP
LOAD e:/simplicity_studio/developer/toolchains/gnu_arm/4.9_2015q3/bin/../lib/gcc/arm-none-eabi/4.9.3/armv6-m\libgcc.a
LOAD e:/simplicity_studio/developer/toolchains/gnu_arm/4.9_2015q3/bin/../lib/gcc/arm-none-eabi/4.9.3/../../../../arm-none-eabi/lib/armv6-m\libg_nano.a
LOAD e:/simplicity_studio/developer/toolchains/gnu_arm/4.9_2015q3/bin/../lib/gcc/arm-none-eabi/4.9.3/../../../../arm-none-eabi/lib/armv6-m\libc_nano.a
END GROUP
START GROUP
LOAD e:/simplicity_studio/developer/toolchains/gnu_arm/4.9_2015q3/bin/../lib/gcc/arm-none-eabi/4.9.3/armv6-m\libgcc.a
LOAD e:/simplicity_studio/developer/toolchains/gnu_arm/4.9_2015q3/bin/../lib/gcc/arm-none-eabi/4.9.3/../../../../arm-none-eabi/lib/armv6-m\libc_nano.a
END GROUP
LOAD e:/simplicity_studio/developer/toolchains/gnu_arm/4.9_2015q3/bin/../lib/gcc/arm-none-eabi/4.9.3/armv6-m/crtend.o
LOAD e:/simplicity_studio/developer/toolchains/gnu_arm/4.9_2015q3/bin/../lib/gcc/arm-none-eabi/4.9.3/armv6-m/crtn.o

.text           0x00000000     0x2558
 *(.vectors)
 .vectors       0x00000000       0x94 ./CMSIS/EFM32HG/startup_efm32hg.o
                0x00000000                __Vectors
                0x00000094                __Vectors_End = .
                0x00000094                __Vectors_Size = (__Vectors_End - __Vectors)
                0x00000094                __end__ = .
 *(.text*)
 .text          0x00000094       0x60 e:/simplicity_studio/developer/toolchains/gnu_arm/4.9_2015q3/bin/../lib/gcc/arm-none-eabi/4.9.3/armv6-m/crtbegin.o
 .text          0x000000f4       0x78 e:/simplicity_studio/developer/toolchains/gnu_arm/4.9_2015q3/bin/../lib/gcc/arm-none-eabi/4.9.3/../../../../arm-none-eabi/lib/armv6-m/crt0.o
                0x000000f4                _start
                0x000000f4                _mainCRTStartup
 .text.GPIO_PinOutClear
                0x0000016c       0xac ./BSP/bsp_stk_leds.o
 .text.GPIO_PinOutSet
                0x00000218       0xac ./BSP/bsp_stk_leds.o
 .text.BSP_LedsInit
                0x000002c4       0x60 ./BSP/bsp_stk_leds.o
                0x000002c4                BSP_LedsInit
 .text.BSP_LedClear
                0x00000324       0x44 ./BSP/bsp_stk_leds.o
                0x00000324                BSP_LedClear
 .text.BSP_LedSet
                0x00000368       0x44 ./BSP/bsp_stk_leds.o
                0x00000368                BSP_LedSet
 .text          0x000003ac       0x30 ./CMSIS/EFM32HG/startup_efm32hg.o
                0x000003ac                Reset_Handler
                0x000003d8                USART0_TX_IRQHandler
                0x000003d8                I2C0_IRQHandler
                0x000003d8                HardFault_Handler
                0x000003d8                USART1_RX_IRQHandler
                0x000003d8                PendSV_Handler
                0x000003d8                NMI_Handler
                0x000003d8                USART1_TX_IRQHandler
                0x000003d8                MSC_IRQHandler
                0x000003d8                ADC0_IRQHandler
                0x000003d8                LEUART0_IRQHandler
                0x000003d8                GPIO_EVEN_IRQHandler
                0x000003d8                RTC_IRQHandler
                0x000003d8                TIMER0_IRQHandler
                0x000003d8                TIMER2_IRQHandler
                0x000003d8                TIMER1_IRQHandler
                0x000003d8                Default_Handler
                0x000003d8                PCNT0_IRQHandler
                0x000003d8                USB_IRQHandler
                0x000003d8                ACMP0_IRQHandler
                0x000003d8                USART0_RX_IRQHandler
                0x000003d8                SVC_Handler
                0x000003d8                CMU_IRQHandler
                0x000003d8                AES_IRQHandler
                0x000003d8                VCMP_IRQHandler
                0x000003d8                DMA_IRQHandler
 .text.SystemCoreClockGet
                0x000003dc       0x38 ./CMSIS/EFM32HG/system_efm32hg.o
                0x000003dc                SystemCoreClockGet
 .text.SystemMaxCoreClockGet
                0x00000414       0x10 ./CMSIS/EFM32HG/system_efm32hg.o
                0x00000414                SystemMaxCoreClockGet
 .text.SystemHFClockGet
                0x00000424      0x100 ./CMSIS/EFM32HG/system_efm32hg.o
                0x00000424                SystemHFClockGet
 .text.SystemInit
                0x00000524        0x8 ./CMSIS/EFM32HG/system_efm32hg.o
                0x00000524                SystemInit
 .text.SystemLFRCOClockGet
                0x0000052c       0x10 ./CMSIS/EFM32HG/system_efm32hg.o
                0x0000052c                SystemLFRCOClockGet
 .text.SystemULFRCOClockGet
                0x0000053c       0x10 ./CMSIS/EFM32HG/system_efm32hg.o
                0x0000053c                SystemULFRCOClockGet
 .text.SystemLFXOClockGet
                0x0000054c       0x14 ./CMSIS/EFM32HG/system_efm32hg.o
                0x0000054c                SystemLFXOClockGet
 .text.assertEFM
                0x00000560        0xc ./emlib/em_assert.o
                0x00000560                assertEFM
 .text.BUS_RegBitWrite
                0x0000056c       0x3c ./emlib/em_cmu.o
 .text.BUS_RegBitRead
                0x000005a8       0x20 ./emlib/em_cmu.o
 .text.SYSTEM_GetProdRev
                0x000005c8       0x18 ./emlib/em_cmu.o
 .text.auxClkGet
                0x000005e0       0xc0 ./emlib/em_cmu.o
 .text.dbgClkGet
                0x000006a0       0x5c ./emlib/em_cmu.o
 .text.flashWaitStateControl
                0x000006fc       0x7c ./emlib/em_cmu.o
 .text.flashWaitStateMax
                0x00000778       0x18 ./emlib/em_cmu.o
 .text.CMU_UpdateWaitStates
                0x00000790       0x1c ./emlib/em_cmu.o
                0x00000790                CMU_UpdateWaitStates
 .text.lfClkGet
                0x000007ac      0x12c ./emlib/em_cmu.o
 .text.syncReg  0x000008d8       0x2c ./emlib/em_cmu.o
 .text.usbCClkGet
                0x00000904       0x6c ./emlib/em_cmu.o
 .text.CMU_ClockEnable
                0x00000970       0xc4 ./emlib/em_cmu.o
                0x00000970                CMU_ClockEnable
 .text.CMU_ClockFreqGet
                0x00000a34      0x154 ./emlib/em_cmu.o
                0x00000a34                CMU_ClockFreqGet
 .text.CMU_ClockSelectGet
                0x00000b88      0x1ec ./emlib/em_cmu.o
                0x00000b88                CMU_ClockSelectGet
 .text.CMU_ClockSelectSet
                0x00000d74      0x29c ./emlib/em_cmu.o
                0x00000d74                CMU_ClockSelectSet
 .text.CMU_OscillatorEnable
                0x00001010       0xe4 ./emlib/em_cmu.o
                0x00001010                CMU_OscillatorEnable
 .text.SystemCoreClockUpdate
                0x000010f4        0xc ./emlib/em_emu.o
 .text.CMU_Lock
                0x00001100       0x14 ./emlib/em_emu.o
 .text.CMU_Unlock
                0x00001114       0x18 ./emlib/em_emu.o
 .text.emState  0x0000112c       0xf0 ./emlib/em_emu.o
 .text.EMU_EnterEM2
                0x0000121c       0x48 ./emlib/em_emu.o
                0x0000121c                EMU_EnterEM2
 .text.BUS_RegBitWrite
                0x00001264       0x3c ./emlib/em_gpio.o
 .text.BUS_RegMaskedWrite
                0x000012a0       0x24 ./emlib/em_gpio.o
 .text.GPIO_PinOutClear
                0x000012c4       0xac ./emlib/em_gpio.o
 .text.GPIO_PinOutSet
                0x00001370       0xac ./emlib/em_gpio.o
 .text.GPIO_ExtIntConfig
                0x0000141c      0x158 ./emlib/em_gpio.o
                0x0000141c                GPIO_ExtIntConfig
 .text.GPIO_PinModeSet
                0x00001574      0x1ac ./emlib/em_gpio.o
                0x00001574                GPIO_PinModeSet
 .text.USART_BaudrateSyncSet
                0x00001720       0x7c ./emlib/em_usart.o
                0x00001720                USART_BaudrateSyncSet
 .text.USART_Enable
                0x0000179c       0x60 ./emlib/em_usart.o
                0x0000179c                USART_Enable
 .text.USART_InitSync
                0x000017fc       0xdc ./emlib/em_usart.o
                0x000017fc                USART_InitSync
 .text.USART_Reset
                0x000018d8       0xa8 ./emlib/em_usart.o
                0x000018d8                USART_Reset
 .text.USART_SpiTransfer
                0x00001980       0x3c ./emlib/em_usart.o
                0x00001980                USART_SpiTransfer
 .text.NVIC_EnableIRQ
                0x000019bc       0x2c ./src/blink.o
 .text.NVIC_SetPriority
                0x000019e8       0xd4 ./src/blink.o
 .text.SysTick_Config
                0x00001abc       0x48 ./src/blink.o
 .text.SYSTEM_GetProdRev
                0x00001b04       0x18 ./src/blink.o
 .text.GPIO_IntClear
                0x00001b1c       0x1c ./src/blink.o
 .text.GPIO_IntGet
                0x00001b38       0x18 ./src/blink.o
 .text.GPIO_PinOutClear
                0x00001b50       0xac ./src/blink.o
 .text.GPIO_PinOutSet
                0x00001bfc       0xac ./src/blink.o
 .text.GPIO_PortOutClear
                0x00001ca8       0x74 ./src/blink.o
 .text.GPIO_IntConfig
                0x00001d1c       0x48 ./src/blink.o
 .text.CHIP_Init
                0x00001d64       0x40 ./src/blink.o
 .text.SysTick_Handler
                0x00001da4       0x18 ./src/blink.o
                0x00001da4                SysTick_Handler
 .text.Delay    0x00001dbc       0x28 ./src/blink.o
 .text.gpio_Setup
                0x00001de4       0x9c ./src/blink.o
                0x00001de4                gpio_Setup
 .text.usart0_Master_Setup
                0x00001e80       0x70 ./src/blink.o
                0x00001e80                usart0_Master_Setup
 .text.Chip_write_8_bit_data
                0x00001ef0       0x64 ./src/blink.o
                0x00001ef0                Chip_write_8_bit_data
 .text.LSM9DS1_init
                0x00001f54       0x28 ./src/blink.o
                0x00001f54                LSM9DS1_init
 .text.LSM9DS1_int_init
                0x00001f7c       0x28 ./src/blink.o
                0x00001f7c                LSM9DS1_int_init
 .text.GPIO_ODD_IRQHandler
                0x00001fa4       0x3c ./src/blink.o
                0x00001fa4                GPIO_ODD_IRQHandler
 .text.main     0x00001fe0       0x6c ./src/blink.o
                0x00001fe0                main
 .text          0x0000204c      0x120 e:/simplicity_studio/developer/toolchains/gnu_arm/4.9_2015q3/bin/../lib/gcc/arm-none-eabi/4.9.3/armv6-m\libgcc.a(_udivsi3.o)
                0x0000204c                __aeabi_uidiv
                0x0000204c                __udivsi3
                0x00002158                __aeabi_uidivmod
 .text          0x0000216c        0x4 e:/simplicity_studio/developer/toolchains/gnu_arm/4.9_2015q3/bin/../lib/gcc/arm-none-eabi/4.9.3/armv6-m\libgcc.a(_dvmd_tls.o)
                0x0000216c                __aeabi_idiv0
                0x0000216c                __aeabi_ldiv0
 .text.exit     0x00002170       0x2c e:/simplicity_studio/developer/toolchains/gnu_arm/4.9_2015q3/bin/../lib/gcc/arm-none-eabi/4.9.3/../../../../arm-none-eabi/lib/armv6-m\libc_nano.a(lib_a-exit.o)
                0x00002170                exit
 .text.__libc_init_array
                0x0000219c       0x4c e:/simplicity_studio/developer/toolchains/gnu_arm/4.9_2015q3/bin/../lib/gcc/arm-none-eabi/4.9.3/../../../../arm-none-eabi/lib/armv6-m\libc_nano.a(lib_a-init.o)
                0x0000219c                __libc_init_array
 .text.memset   0x000021e8       0x10 e:/simplicity_studio/developer/toolchains/gnu_arm/4.9_2015q3/bin/../lib/gcc/arm-none-eabi/4.9.3/../../../../arm-none-eabi/lib/armv6-m\libc_nano.a(lib_a-memset.o)
                0x000021e8                memset
 .text._exit    0x000021f8        0x4 e:/simplicity_studio/developer/toolchains/gnu_arm/4.9_2015q3/bin/../lib/gcc/arm-none-eabi/4.9.3/../../../../arm-none-eabi/lib/armv6-m\libnosys.a(_exit.o)
                0x000021f8                _exit
 *(.init)
 .init          0x000021fc        0x4 e:/simplicity_studio/developer/toolchains/gnu_arm/4.9_2015q3/bin/../lib/gcc/arm-none-eabi/4.9.3/armv6-m/crti.o
                0x000021fc                _init
 .init          0x00002200        0x8 e:/simplicity_studio/developer/toolchains/gnu_arm/4.9_2015q3/bin/../lib/gcc/arm-none-eabi/4.9.3/armv6-m/crtn.o
 *(.fini)
 .fini          0x00002208        0x4 e:/simplicity_studio/developer/toolchains/gnu_arm/4.9_2015q3/bin/../lib/gcc/arm-none-eabi/4.9.3/armv6-m/crti.o
                0x00002208                _fini
 .fini          0x0000220c        0x8 e:/simplicity_studio/developer/toolchains/gnu_arm/4.9_2015q3/bin/../lib/gcc/arm-none-eabi/4.9.3/armv6-m/crtn.o
 *crtbegin.o(.ctors)
 *crtbegin?.o(.ctors)
 *(EXCLUDE_FILE(*crtend.o *crtend?.o) .ctors)
 *(SORT(.ctors.*))
 *(.ctors)
 *crtbegin.o(.dtors)
 *crtbegin?.o(.dtors)
 *(EXCLUDE_FILE(*crtend.o *crtend?.o) .dtors)
 *(SORT(.dtors.*))
 *(.dtors)
 *(.rodata*)
 .rodata        0x00002214       0x56 ./BSP/bsp_stk_leds.o
 *fill*         0x0000226a        0x2 
 .rodata.ledArray
                0x0000226c       0x10 ./BSP/bsp_stk_leds.o
 .rodata        0x0000227c       0xad ./emlib/em_cmu.o
 *fill*         0x00002329        0x3 
 .rodata.CMU_ClockEnable
                0x0000232c       0x2c ./emlib/em_cmu.o
 .rodata.CMU_ClockSelectGet
                0x00002358       0x20 ./emlib/em_cmu.o
 .rodata.CMU_ClockSelectSet
                0x00002378       0x88 ./emlib/em_cmu.o
 .rodata.CMU_OscillatorEnable
                0x00002400       0x18 ./emlib/em_cmu.o
 .rodata        0x00002418       0xae ./emlib/em_gpio.o
 *fill*         0x000024c6        0x2 
 .rodata        0x000024c8       0x14 ./emlib/em_usart.o
 .rodata        0x000024dc       0x70 ./src/blink.o
 .rodata.str1.1
                0x0000254c        0x2 e:/simplicity_studio/developer/toolchains/gnu_arm/4.9_2015q3/bin/../lib/gcc/arm-none-eabi/4.9.3/../../../../arm-none-eabi/lib/armv6-m\libc_nano.a(lib_a-impure.o)
 *fill*         0x0000254e        0x2 
 .rodata._global_impure_ptr
                0x00002550        0x4 e:/simplicity_studio/developer/toolchains/gnu_arm/4.9_2015q3/bin/../lib/gcc/arm-none-eabi/4.9.3/../../../../arm-none-eabi/lib/armv6-m\libc_nano.a(lib_a-impure.o)
                0x00002550                _global_impure_ptr
 *(.eh_frame*)
 .eh_frame      0x00002554        0x0 e:/simplicity_studio/developer/toolchains/gnu_arm/4.9_2015q3/bin/../lib/gcc/arm-none-eabi/4.9.3/armv6-m/crtbegin.o
 .eh_frame      0x00002554        0x4 e:/simplicity_studio/developer/toolchains/gnu_arm/4.9_2015q3/bin/../lib/gcc/arm-none-eabi/4.9.3/armv6-m/crtend.o

.glue_7         0x00002558        0x0
 .glue_7        0x00000000        0x0 linker stubs

.glue_7t        0x00002558        0x0
 .glue_7t       0x00000000        0x0 linker stubs

.vfp11_veneer   0x00002558        0x0
 .vfp11_veneer  0x00000000        0x0 linker stubs

.v4_bx          0x00002558        0x0
 .v4_bx         0x00000000        0x0 linker stubs

.iplt           0x00002558        0x0
 .iplt          0x00000000        0x0 e:/simplicity_studio/developer/toolchains/gnu_arm/4.9_2015q3/bin/../lib/gcc/arm-none-eabi/4.9.3/armv6-m/crtbegin.o

.ARM.extab
 *(.ARM.extab* .gnu.linkonce.armextab.*)
                0x00002558                __exidx_start = .

.ARM.exidx      0x00002558        0x8
 *(.ARM.exidx* .gnu.linkonce.armexidx.*)
 .ARM.exidx     0x00002558        0x8 e:/simplicity_studio/developer/toolchains/gnu_arm/4.9_2015q3/bin/../lib/gcc/arm-none-eabi/4.9.3/../../../../arm-none-eabi/lib/armv6-m/crt0.o
                0x00002560                __exidx_end = .
                0x00002560                __etext = .

.rel.dyn        0x00002560        0x0
 .rel.iplt      0x00000000        0x0 e:/simplicity_studio/developer/toolchains/gnu_arm/4.9_2015q3/bin/../lib/gcc/arm-none-eabi/4.9.3/armv6-m/crtbegin.o

.data           0x20000000       0x7c load address 0x00002560
                0x20000000                __data_start__ = .
 *(vtable)
 *(.data*)
 .data.SystemHFXOClock
                0x20000000        0x4 ./CMSIS/EFM32HG/system_efm32hg.o
 .data.SystemLFXOClock
                0x20000004        0x4 ./CMSIS/EFM32HG/system_efm32hg.o
 .data.SystemCoreClock
                0x20000008        0x4 ./CMSIS/EFM32HG/system_efm32hg.o
                0x20000008                SystemCoreClock
 .data.ushfrcoFreq
                0x2000000c        0x4 ./emlib/em_cmu.o
 .data.impure_data
                0x20000010       0x60 e:/simplicity_studio/developer/toolchains/gnu_arm/4.9_2015q3/bin/../lib/gcc/arm-none-eabi/4.9.3/../../../../arm-none-eabi/lib/armv6-m\libc_nano.a(lib_a-impure.o)
                0x20000070                . = ALIGN (0x4)
 *(.ram)
                0x20000070                . = ALIGN (0x4)
                0x20000070                PROVIDE (__preinit_array_start, .)
 *(.preinit_array)
                0x20000070                PROVIDE (__preinit_array_end, .)
                0x20000070                . = ALIGN (0x4)
                0x20000070                PROVIDE (__init_array_start, .)
 *(SORT(.init_array.*))
 *(.init_array)
 .init_array    0x20000070        0x4 e:/simplicity_studio/developer/toolchains/gnu_arm/4.9_2015q3/bin/../lib/gcc/arm-none-eabi/4.9.3/armv6-m/crtbegin.o
                0x20000074                PROVIDE (__init_array_end, .)
                0x20000074                . = ALIGN (0x4)
                0x20000074                PROVIDE (__fini_array_start, .)
 *(SORT(.fini_array.*))
 *(.fini_array)
 .fini_array    0x20000074        0x4 e:/simplicity_studio/developer/toolchains/gnu_arm/4.9_2015q3/bin/../lib/gcc/arm-none-eabi/4.9.3/armv6-m/crtbegin.o
                0x20000078                PROVIDE (__fini_array_end, .)
 *(.jcr*)
 .jcr           0x20000078        0x0 e:/simplicity_studio/developer/toolchains/gnu_arm/4.9_2015q3/bin/../lib/gcc/arm-none-eabi/4.9.3/armv6-m/crtbegin.o
 .jcr           0x20000078        0x4 e:/simplicity_studio/developer/toolchains/gnu_arm/4.9_2015q3/bin/../lib/gcc/arm-none-eabi/4.9.3/armv6-m/crtend.o
                0x2000007c                . = ALIGN (0x4)
                0x2000007c                __data_end__ = .

.igot.plt       0x2000007c        0x0 load address 0x000025dc
 .igot.plt      0x00000000        0x0 e:/simplicity_studio/developer/toolchains/gnu_arm/4.9_2015q3/bin/../lib/gcc/arm-none-eabi/4.9.3/armv6-m/crtbegin.o

.bss            0x2000007c       0x28 load address 0x000025dc
                0x2000007c                . = ALIGN (0x4)
                0x2000007c                __bss_start__ = .
 *(.bss*)
 .bss           0x2000007c       0x1c e:/simplicity_studio/developer/toolchains/gnu_arm/4.9_2015q3/bin/../lib/gcc/arm-none-eabi/4.9.3/armv6-m/crtbegin.o
 .bss.cmuStatus.7797
                0x20000098        0x4 ./emlib/em_emu.o
 .bss.hfClock.7798
                0x2000009c        0x1 ./emlib/em_emu.o
 *fill*         0x2000009d        0x3 
 .bss.msTicks   0x200000a0        0x4 ./src/blink.o
 *(COMMON)
                0x200000a4                . = ALIGN (0x4)
                0x200000a4                __bss_end__ = .

.heap           0x200000a8      0x400
                0x200000a8                __HeapBase = .
                0x200000a8                __end__ = .
                0x200000a8                end = __end__
                0x200000a8                _end = __end__
 *(.heap*)
 .heap          0x200000a8      0x400 ./CMSIS/EFM32HG/startup_efm32hg.o
                0x200004a8                __HeapLimit = .

.stack_dummy    0x200000a8      0x400
 *(.stack*)
 .stack         0x200000a8      0x400 ./CMSIS/EFM32HG/startup_efm32hg.o
                0x20002000                __StackTop = (ORIGIN (RAM) + 0x2000)
                0x20001c00                __StackLimit = (__StackTop - SIZEOF (.stack_dummy))
                0x20002000                PROVIDE (__stack, __StackTop)
                0x00000001                ASSERT ((__StackLimit >= __HeapLimit), region RAM overflowed with stack)
                0x00000001                ASSERT ((0x10000 >= (__etext + SIZEOF (.data))), FLASH memory overflowed !)
OUTPUT(sheepy.axf elf32-littlearm)

.ARM.attributes
                0x00000000       0x28
 .ARM.attributes
                0x00000000       0x1e e:/simplicity_studio/developer/toolchains/gnu_arm/4.9_2015q3/bin/../lib/gcc/arm-none-eabi/4.9.3/armv6-m/crti.o
 .ARM.attributes
                0x0000001e       0x2c e:/simplicity_studio/developer/toolchains/gnu_arm/4.9_2015q3/bin/../lib/gcc/arm-none-eabi/4.9.3/armv6-m/crtbegin.o
 .ARM.attributes
                0x0000004a       0x1b e:/simplicity_studio/developer/toolchains/gnu_arm/4.9_2015q3/bin/../lib/gcc/arm-none-eabi/4.9.3/../../../../arm-none-eabi/lib/armv6-m/crt0.o
 .ARM.attributes
                0x00000065       0x32 ./BSP/bsp_stk_leds.o
 .ARM.attributes
                0x00000097       0x1b ./CMSIS/EFM32HG/startup_efm32hg.o
 .ARM.attributes
                0x000000b2       0x32 ./CMSIS/EFM32HG/system_efm32hg.o
 .ARM.attributes
                0x000000e4       0x32 ./emlib/em_assert.o
 .ARM.attributes
                0x00000116       0x32 ./emlib/em_cmu.o
 .ARM.attributes
                0x00000148       0x32 ./emlib/em_emu.o
 .ARM.attributes
                0x0000017a       0x32 ./emlib/em_gpio.o
 .ARM.attributes
                0x000001ac       0x32 ./emlib/em_usart.o
 .ARM.attributes
                0x000001de       0x32 ./src/blink.o
 .ARM.attributes
                0x00000210       0x1e e:/simplicity_studio/developer/toolchains/gnu_arm/4.9_2015q3/bin/../lib/gcc/arm-none-eabi/4.9.3/armv6-m\libgcc.a(_udivsi3.o)
 .ARM.attributes
                0x0000022e       0x1e e:/simplicity_studio/developer/toolchains/gnu_arm/4.9_2015q3/bin/../lib/gcc/arm-none-eabi/4.9.3/armv6-m\libgcc.a(_dvmd_tls.o)
 .ARM.attributes
                0x0000024c       0x2c e:/simplicity_studio/developer/toolchains/gnu_arm/4.9_2015q3/bin/../lib/gcc/arm-none-eabi/4.9.3/../../../../arm-none-eabi/lib/armv6-m\libc_nano.a(lib_a-exit.o)
 .ARM.attributes
                0x00000278       0x2c e:/simplicity_studio/developer/toolchains/gnu_arm/4.9_2015q3/bin/../lib/gcc/arm-none-eabi/4.9.3/../../../../arm-none-eabi/lib/armv6-m\libc_nano.a(lib_a-impure.o)
 .ARM.attributes
                0x000002a4       0x2c e:/simplicity_studio/developer/toolchains/gnu_arm/4.9_2015q3/bin/../lib/gcc/arm-none-eabi/4.9.3/../../../../arm-none-eabi/lib/armv6-m\libc_nano.a(lib_a-init.o)
 .ARM.attributes
                0x000002d0       0x2c e:/simplicity_studio/developer/toolchains/gnu_arm/4.9_2015q3/bin/../lib/gcc/arm-none-eabi/4.9.3/../../../../arm-none-eabi/lib/armv6-m\libc_nano.a(lib_a-memset.o)
 .ARM.attributes
                0x000002fc       0x2c e:/simplicity_studio/developer/toolchains/gnu_arm/4.9_2015q3/bin/../lib/gcc/arm-none-eabi/4.9.3/../../../../arm-none-eabi/lib/armv6-m\libnosys.a(_exit.o)
 .ARM.attributes
                0x00000328       0x2c e:/simplicity_studio/developer/toolchains/gnu_arm/4.9_2015q3/bin/../lib/gcc/arm-none-eabi/4.9.3/armv6-m/crtend.o
 .ARM.attributes
                0x00000354       0x1e e:/simplicity_studio/developer/toolchains/gnu_arm/4.9_2015q3/bin/../lib/gcc/arm-none-eabi/4.9.3/armv6-m/crtn.o

.comment        0x00000000       0x70
 .comment       0x00000000       0x70 ./BSP/bsp_stk_leds.o
                                 0x71 (size before relaxing)
 .comment       0x00000000       0x71 ./CMSIS/EFM32HG/system_efm32hg.o
 .comment       0x00000000       0x71 ./emlib/em_assert.o
 .comment       0x00000000       0x71 ./emlib/em_cmu.o
 .comment       0x00000000       0x71 ./emlib/em_emu.o
 .comment       0x00000000       0x71 ./emlib/em_gpio.o
 .comment       0x00000000       0x71 ./emlib/em_usart.o
 .comment       0x00000000       0x71 ./src/blink.o

.debug_info     0x00000000     0x4bb3
 .debug_info    0x00000000      0x730 ./BSP/bsp_stk_leds.o
 .debug_info    0x00000730       0xfd ./CMSIS/EFM32HG/startup_efm32hg.o
 .debug_info    0x0000082d      0x48d ./CMSIS/EFM32HG/system_efm32hg.o
 .debug_info    0x00000cba       0x76 ./emlib/em_assert.o
 .debug_info    0x00000d30     0x1292 ./emlib/em_cmu.o
 .debug_info    0x00001fc2      0x85c ./emlib/em_emu.o
 .debug_info    0x0000281e      0x64a ./emlib/em_gpio.o
 .debug_info    0x00002e68      0xdf6 ./emlib/em_usart.o
 .debug_info    0x00003c5e      0xf55 ./src/blink.o

.debug_abbrev   0x00000000      0xddd
 .debug_abbrev  0x00000000      0x16e ./BSP/bsp_stk_leds.o
 .debug_abbrev  0x0000016e       0x14 ./CMSIS/EFM32HG/startup_efm32hg.o
 .debug_abbrev  0x00000182      0x142 ./CMSIS/EFM32HG/system_efm32hg.o
 .debug_abbrev  0x000002c4       0x63 ./emlib/em_assert.o
 .debug_abbrev  0x00000327      0x29b ./emlib/em_cmu.o
 .debug_abbrev  0x000005c2      0x1fd ./emlib/em_emu.o
 .debug_abbrev  0x000007bf      0x1d0 ./emlib/em_gpio.o
 .debug_abbrev  0x0000098f      0x1ce ./emlib/em_usart.o
 .debug_abbrev  0x00000b5d      0x280 ./src/blink.o

.debug_loc      0x00000000     0x1b2e
 .debug_loc     0x00000000      0x2a0 ./BSP/bsp_stk_leds.o
 .debug_loc     0x000002a0      0x1e8 ./CMSIS/EFM32HG/system_efm32hg.o
 .debug_loc     0x00000488       0x38 ./emlib/em_assert.o
 .debug_loc     0x000004c0      0x898 ./emlib/em_cmu.o
 .debug_loc     0x00000d58      0x2bc ./emlib/em_emu.o
 .debug_loc     0x00001014      0x268 ./emlib/em_gpio.o
 .debug_loc     0x0000127c      0x462 ./emlib/em_usart.o
 .debug_loc     0x000016de      0x450 ./src/blink.o

.debug_aranges  0x00000000      0x4f0
 .debug_aranges
                0x00000000       0x78 ./BSP/bsp_stk_leds.o
 .debug_aranges
                0x00000078       0x20 ./CMSIS/EFM32HG/startup_efm32hg.o
 .debug_aranges
                0x00000098       0x68 ./CMSIS/EFM32HG/system_efm32hg.o
 .debug_aranges
                0x00000100       0x20 ./emlib/em_assert.o
 .debug_aranges
                0x00000120      0x160 ./emlib/em_cmu.o
 .debug_aranges
                0x00000280       0x88 ./emlib/em_emu.o
 .debug_aranges
                0x00000308       0x70 ./emlib/em_gpio.o
 .debug_aranges
                0x00000378       0xb8 ./emlib/em_usart.o
 .debug_aranges
                0x00000430       0xc0 ./src/blink.o

.debug_ranges   0x00000000      0x450
 .debug_ranges  0x00000000       0x68 ./BSP/bsp_stk_leds.o
 .debug_ranges  0x00000068       0x58 ./CMSIS/EFM32HG/system_efm32hg.o
 .debug_ranges  0x000000c0       0x10 ./emlib/em_assert.o
 .debug_ranges  0x000000d0      0x150 ./emlib/em_cmu.o
 .debug_ranges  0x00000220       0x78 ./emlib/em_emu.o
 .debug_ranges  0x00000298       0x60 ./emlib/em_gpio.o
 .debug_ranges  0x000002f8       0xa8 ./emlib/em_usart.o
 .debug_ranges  0x000003a0       0xb0 ./src/blink.o

.debug_line     0x00000000     0x2784
 .debug_line    0x00000000      0x522 ./BSP/bsp_stk_leds.o
 .debug_line    0x00000522       0xc7 ./CMSIS/EFM32HG/startup_efm32hg.o
 .debug_line    0x000005e9      0x2b5 ./CMSIS/EFM32HG/system_efm32hg.o
 .debug_line    0x0000089e       0x8d ./emlib/em_assert.o
 .debug_line    0x0000092b      0x9c1 ./emlib/em_cmu.o
 .debug_line    0x000012ec      0x4b9 ./emlib/em_emu.o
 .debug_line    0x000017a5      0x4e3 ./emlib/em_gpio.o
 .debug_line    0x00001c88      0x541 ./emlib/em_usart.o
 .debug_line    0x000021c9      0x5bb ./src/blink.o

.debug_str      0x00000000     0x2186
 .debug_str     0x00000000      0x67f ./BSP/bsp_stk_leds.o
                                0x6d7 (size before relaxing)
 .debug_str     0x0000067f      0x28c ./CMSIS/EFM32HG/system_efm32hg.o
                                0x444 (size before relaxing)
 .debug_str     0x0000090b       0x6c ./emlib/em_assert.o
                                0x146 (size before relaxing)
 .debug_str     0x00000977      0x89d ./emlib/em_cmu.o
                                0xd63 (size before relaxing)
 .debug_str     0x00001214      0x207 ./emlib/em_emu.o
                                0x783 (size before relaxing)
 .debug_str     0x0000141b      0x18f ./emlib/em_gpio.o
                                0x5eb (size before relaxing)
 .debug_str     0x000015aa      0x8e3 ./emlib/em_usart.o
                                0xc77 (size before relaxing)
 .debug_str     0x00001e8d      0x2f9 ./src/blink.o
                                0xe05 (size before relaxing)

.debug_frame    0x00000000     0x1114
 .debug_frame   0x00000000      0x190 ./BSP/bsp_stk_leds.o
 .debug_frame   0x00000190      0x138 ./CMSIS/EFM32HG/system_efm32hg.o
 .debug_frame   0x000002c8       0x30 ./emlib/em_assert.o
 .debug_frame   0x000002f8      0x510 ./emlib/em_cmu.o
 .debug_frame   0x00000808      0x1b4 ./emlib/em_emu.o
 .debug_frame   0x000009bc      0x174 ./emlib/em_gpio.o
 .debug_frame   0x00000b30      0x294 ./emlib/em_usart.o
 .debug_frame   0x00000dc4      0x29c ./src/blink.o
 .debug_frame   0x00001060       0x20 e:/simplicity_studio/developer/toolchains/gnu_arm/4.9_2015q3/bin/../lib/gcc/arm-none-eabi/4.9.3/armv6-m\libgcc.a(_udivsi3.o)
 .debug_frame   0x00001080       0x28 e:/simplicity_studio/developer/toolchains/gnu_arm/4.9_2015q3/bin/../lib/gcc/arm-none-eabi/4.9.3/../../../../arm-none-eabi/lib/armv6-m\libc_nano.a(lib_a-exit.o)
 .debug_frame   0x000010a8       0x2c e:/simplicity_studio/developer/toolchains/gnu_arm/4.9_2015q3/bin/../lib/gcc/arm-none-eabi/4.9.3/../../../../arm-none-eabi/lib/armv6-m\libc_nano.a(lib_a-init.o)
 .debug_frame   0x000010d4       0x20 e:/simplicity_studio/developer/toolchains/gnu_arm/4.9_2015q3/bin/../lib/gcc/arm-none-eabi/4.9.3/../../../../arm-none-eabi/lib/armv6-m\libc_nano.a(lib_a-memset.o)
 .debug_frame   0x000010f4       0x20 e:/simplicity_studio/developer/toolchains/gnu_arm/4.9_2015q3/bin/../lib/gcc/arm-none-eabi/4.9.3/../../../../arm-none-eabi/lib/armv6-m\libnosys.a(_exit.o)
