Archive member included because of file (symbol)

e:/simplicity_studio/developer/toolchains/gnu_arm/4.9_2015q3/bin/../lib/gcc/arm-none-eabi/4.9.3/armv6-m\libgcc.a(_udivsi3.o)
                              ./CMSIS/EFM32HG/system_efm32hg.o (__aeabi_uidiv)
e:/simplicity_studio/developer/toolchains/gnu_arm/4.9_2015q3/bin/../lib/gcc/arm-none-eabi/4.9.3/armv6-m\libgcc.a(_dvmd_tls.o)
                              e:/simplicity_studio/developer/toolchains/gnu_arm/4.9_2015q3/bin/../lib/gcc/arm-none-eabi/4.9.3/armv6-m\libgcc.a(_udivsi3.o) (__aeabi_idiv0)
e:/simplicity_studio/developer/toolchains/gnu_arm/4.9_2015q3/bin/../lib/gcc/arm-none-eabi/4.9.3/armv6-m\libgcc.a(_clzsi2.o)
                              ./emlib/em_cmu.o (__clzsi2)
e:/simplicity_studio/developer/toolchains/gnu_arm/4.9_2015q3/bin/../lib/gcc/arm-none-eabi/4.9.3/armv6-m\libgcc.a(_aeabi_uldivmod.o)
                              ./emlib/em_usart.o (__aeabi_uldivmod)
e:/simplicity_studio/developer/toolchains/gnu_arm/4.9_2015q3/bin/../lib/gcc/arm-none-eabi/4.9.3/armv6-m\libgcc.a(_muldi3.o)
                              ./emlib/em_usart.o (__aeabi_lmul)
e:/simplicity_studio/developer/toolchains/gnu_arm/4.9_2015q3/bin/../lib/gcc/arm-none-eabi/4.9.3/armv6-m\libgcc.a(bpabi.o)
                              e:/simplicity_studio/developer/toolchains/gnu_arm/4.9_2015q3/bin/../lib/gcc/arm-none-eabi/4.9.3/armv6-m\libgcc.a(_aeabi_uldivmod.o) (__gnu_uldivmod_helper)
e:/simplicity_studio/developer/toolchains/gnu_arm/4.9_2015q3/bin/../lib/gcc/arm-none-eabi/4.9.3/armv6-m\libgcc.a(_divdi3.o)
                              e:/simplicity_studio/developer/toolchains/gnu_arm/4.9_2015q3/bin/../lib/gcc/arm-none-eabi/4.9.3/armv6-m\libgcc.a(bpabi.o) (__divdi3)
e:/simplicity_studio/developer/toolchains/gnu_arm/4.9_2015q3/bin/../lib/gcc/arm-none-eabi/4.9.3/armv6-m\libgcc.a(_udivdi3.o)
                              e:/simplicity_studio/developer/toolchains/gnu_arm/4.9_2015q3/bin/../lib/gcc/arm-none-eabi/4.9.3/armv6-m\libgcc.a(bpabi.o) (__udivdi3)
e:/simplicity_studio/developer/toolchains/gnu_arm/4.9_2015q3/bin/../lib/gcc/arm-none-eabi/4.9.3/armv6-m\libgcc.a(_clzdi2.o)
                              e:/simplicity_studio/developer/toolchains/gnu_arm/4.9_2015q3/bin/../lib/gcc/arm-none-eabi/4.9.3/armv6-m\libgcc.a(_divdi3.o) (__clzdi2)
e:/simplicity_studio/developer/toolchains/gnu_arm/4.9_2015q3/bin/../lib/gcc/arm-none-eabi/4.9.3/../../../../arm-none-eabi/lib/armv6-m\libc_nano.a(lib_a-exit.o)
                              e:/simplicity_studio/developer/toolchains/gnu_arm/4.9_2015q3/bin/../lib/gcc/arm-none-eabi/4.9.3/../../../../arm-none-eabi/lib/armv6-m/crt0.o (exit)
e:/simplicity_studio/developer/toolchains/gnu_arm/4.9_2015q3/bin/../lib/gcc/arm-none-eabi/4.9.3/../../../../arm-none-eabi/lib/armv6-m\libc_nano.a(lib_a-impure.o)
                              e:/simplicity_studio/developer/toolchains/gnu_arm/4.9_2015q3/bin/../lib/gcc/arm-none-eabi/4.9.3/../../../../arm-none-eabi/lib/armv6-m\libc_nano.a(lib_a-exit.o) (_global_impure_ptr)
e:/simplicity_studio/developer/toolchains/gnu_arm/4.9_2015q3/bin/../lib/gcc/arm-none-eabi/4.9.3/../../../../arm-none-eabi/lib/armv6-m\libc_nano.a(lib_a-init.o)
                              e:/simplicity_studio/developer/toolchains/gnu_arm/4.9_2015q3/bin/../lib/gcc/arm-none-eabi/4.9.3/../../../../arm-none-eabi/lib/armv6-m/crt0.o (__libc_init_array)
e:/simplicity_studio/developer/toolchains/gnu_arm/4.9_2015q3/bin/../lib/gcc/arm-none-eabi/4.9.3/../../../../arm-none-eabi/lib/armv6-m\libc_nano.a(lib_a-memset.o)
                              e:/simplicity_studio/developer/toolchains/gnu_arm/4.9_2015q3/bin/../lib/gcc/arm-none-eabi/4.9.3/../../../../arm-none-eabi/lib/armv6-m/crt0.o (memset)
e:/simplicity_studio/developer/toolchains/gnu_arm/4.9_2015q3/bin/../lib/gcc/arm-none-eabi/4.9.3/../../../../arm-none-eabi/lib/armv6-m\libnosys.a(_exit.o)
                              e:/simplicity_studio/developer/toolchains/gnu_arm/4.9_2015q3/bin/../lib/gcc/arm-none-eabi/4.9.3/../../../../arm-none-eabi/lib/armv6-m\libc_nano.a(lib_a-exit.o) (_exit)

Discarded input sections

 .text          0x00000000        0x0 e:/simplicity_studio/developer/toolchains/gnu_arm/4.9_2015q3/bin/../lib/gcc/arm-none-eabi/4.9.3/armv6-m/crti.o
 .data          0x00000000        0x0 e:/simplicity_studio/developer/toolchains/gnu_arm/4.9_2015q3/bin/../lib/gcc/arm-none-eabi/4.9.3/armv6-m/crti.o
 .bss           0x00000000        0x0 e:/simplicity_studio/developer/toolchains/gnu_arm/4.9_2015q3/bin/../lib/gcc/arm-none-eabi/4.9.3/armv6-m/crti.o
 .data          0x00000000        0x4 e:/simplicity_studio/developer/toolchains/gnu_arm/4.9_2015q3/bin/../lib/gcc/arm-none-eabi/4.9.3/armv6-m/crtbegin.o
 .data          0x00000000        0x0 e:/simplicity_studio/developer/toolchains/gnu_arm/4.9_2015q3/bin/../lib/gcc/arm-none-eabi/4.9.3/../../../../arm-none-eabi/lib/armv6-m/crt0.o
 .bss           0x00000000        0x0 e:/simplicity_studio/developer/toolchains/gnu_arm/4.9_2015q3/bin/../lib/gcc/arm-none-eabi/4.9.3/../../../../arm-none-eabi/lib/armv6-m/crt0.o
 .ARM.extab     0x00000000        0x0 e:/simplicity_studio/developer/toolchains/gnu_arm/4.9_2015q3/bin/../lib/gcc/arm-none-eabi/4.9.3/../../../../arm-none-eabi/lib/armv6-m/crt0.o
 .text          0x00000000        0x0 ./BSP/bsp_stk_leds.o
 .data          0x00000000        0x0 ./BSP/bsp_stk_leds.o
 .bss           0x00000000        0x0 ./BSP/bsp_stk_leds.o
 .text.BUS_RegBitRead
                0x00000000       0x20 ./BSP/bsp_stk_leds.o
 .rodata        0x00000000       0x56 ./BSP/bsp_stk_leds.o
 .text.GPIO_PinOutClear
                0x00000000       0xac ./BSP/bsp_stk_leds.o
 .text.GPIO_PinOutGet
                0x00000000       0xac ./BSP/bsp_stk_leds.o
 .text.GPIO_PinOutSet
                0x00000000       0xac ./BSP/bsp_stk_leds.o
 .text.GPIO_PinOutToggle
                0x00000000       0xac ./BSP/bsp_stk_leds.o
 .rodata.ledArray
                0x00000000       0x10 ./BSP/bsp_stk_leds.o
 .text.BSP_LedsInit
                0x00000000       0x60 ./BSP/bsp_stk_leds.o
 .text.BSP_LedsGet
                0x00000000       0x68 ./BSP/bsp_stk_leds.o
 .text.BSP_LedsSet
                0x00000000       0x70 ./BSP/bsp_stk_leds.o
 .text.BSP_LedClear
                0x00000000       0x44 ./BSP/bsp_stk_leds.o
 .text.BSP_LedGet
                0x00000000       0x48 ./BSP/bsp_stk_leds.o
 .text.BSP_LedSet
                0x00000000       0x44 ./BSP/bsp_stk_leds.o
 .text.BSP_LedToggle
                0x00000000       0x44 ./BSP/bsp_stk_leds.o
 .debug_info    0x00000000      0x730 ./BSP/bsp_stk_leds.o
 .debug_abbrev  0x00000000      0x16e ./BSP/bsp_stk_leds.o
 .debug_loc     0x00000000      0x2a0 ./BSP/bsp_stk_leds.o
 .debug_aranges
                0x00000000       0x78 ./BSP/bsp_stk_leds.o
 .debug_ranges  0x00000000       0x68 ./BSP/bsp_stk_leds.o
 .debug_line    0x00000000      0x52e ./BSP/bsp_stk_leds.o
 .debug_str     0x00000000      0x6d7 ./BSP/bsp_stk_leds.o
 .comment       0x00000000       0x71 ./BSP/bsp_stk_leds.o
 .debug_frame   0x00000000      0x190 ./BSP/bsp_stk_leds.o
 .ARM.attributes
                0x00000000       0x32 ./BSP/bsp_stk_leds.o
 .data          0x00000000        0x0 ./CMSIS/EFM32HG/startup_efm32hg.o
 .bss           0x00000000        0x0 ./CMSIS/EFM32HG/startup_efm32hg.o
 .text          0x00000000        0x0 ./CMSIS/EFM32HG/system_efm32hg.o
 .data          0x00000000        0x0 ./CMSIS/EFM32HG/system_efm32hg.o
 .bss           0x00000000        0x0 ./CMSIS/EFM32HG/system_efm32hg.o
 .text.SystemHFXOClockGet
                0x00000000       0x14 ./CMSIS/EFM32HG/system_efm32hg.o
 .text.SystemHFXOClockSet
                0x00000000       0x2c ./CMSIS/EFM32HG/system_efm32hg.o
 .text.SystemLFXOClockSet
                0x00000000       0x2c ./CMSIS/EFM32HG/system_efm32hg.o
 .text          0x00000000        0x0 ./emlib/em_assert.o
 .data          0x00000000        0x0 ./emlib/em_assert.o
 .bss           0x00000000        0x0 ./emlib/em_assert.o
 .text          0x00000000        0x0 ./emlib/em_cmu.o
 .data          0x00000000        0x0 ./emlib/em_cmu.o
 .bss           0x00000000        0x0 ./emlib/em_cmu.o
 .text.BUS_RegMaskedWrite
                0x00000000       0x24 ./emlib/em_cmu.o
 .text.CMU_DivToLog2
                0x00000000       0x48 ./emlib/em_cmu.o
 .text.CMU_Log2ToDiv
                0x00000000       0x18 ./emlib/em_cmu.o
 .text.CMU_AUXHFRCOBandGet
                0x00000000       0x1c ./emlib/em_cmu.o
 .text.CMU_AUXHFRCOBandSet
                0x00000000       0xa0 ./emlib/em_cmu.o
 .rodata.CMU_AUXHFRCOBandSet
                0x00000000       0x20 ./emlib/em_cmu.o
 .text.CMU_Calibrate
                0x00000000       0xb8 ./emlib/em_cmu.o
 .rodata.CMU_Calibrate
                0x00000000       0x18 ./emlib/em_cmu.o
 .text.CMU_CalibrateConfig
                0x00000000      0x118 ./emlib/em_cmu.o
 .rodata.CMU_CalibrateConfig
                0x00000000       0x30 ./emlib/em_cmu.o
 .text.CMU_CalibrateCountGet
                0x00000000       0x38 ./emlib/em_cmu.o
 .text.CMU_ClockDivGet
                0x00000000      0x10c ./emlib/em_cmu.o
 .rodata.CMU_ClockDivGet
                0x00000000       0x20 ./emlib/em_cmu.o
 .text.CMU_ClockDivSet
                0x00000000      0x1e8 ./emlib/em_cmu.o
 .rodata.CMU_ClockDivSet
                0x00000000       0x20 ./emlib/em_cmu.o
 .text.CMU_FreezeEnable
                0x00000000       0x38 ./emlib/em_cmu.o
 .text.CMU_HFRCOBandGet
                0x00000000       0x1c ./emlib/em_cmu.o
 .text.CMU_HFRCOBandSet
                0x00000000       0xd8 ./emlib/em_cmu.o
 .rodata.CMU_HFRCOBandSet
                0x00000000       0x14 ./emlib/em_cmu.o
 .text.CMU_HFRCOStartupDelayGet
                0x00000000       0x1c ./emlib/em_cmu.o
 .text.CMU_HFRCOStartupDelaySet
                0x00000000       0x4c ./emlib/em_cmu.o
 .text.CMU_HFXOInit
                0x00000000       0x74 ./emlib/em_cmu.o
 .text.CMU_LCDClkFDIVGet
                0x00000000        0xc ./emlib/em_cmu.o
 .text.CMU_LCDClkFDIVSet
                0x00000000       0x10 ./emlib/em_cmu.o
 .text.CMU_LFXOInit
                0x00000000       0x7c ./emlib/em_cmu.o
 .text.CMU_OscillatorTuningGet
                0x00000000       0x80 ./emlib/em_cmu.o
 .text.CMU_OscillatorTuningSet
                0x00000000      0x114 ./emlib/em_cmu.o
 .text.CMU_PCNTClockExternalGet
                0x00000000       0x34 ./emlib/em_cmu.o
 .text.CMU_PCNTClockExternalSet
                0x00000000       0x58 ./emlib/em_cmu.o
 .text.CMU_USHFRCOBandGet
                0x00000000       0x1c ./emlib/em_cmu.o
 .text.CMU_USHFRCOBandSet
                0x00000000      0x12c ./emlib/em_cmu.o
 .text          0x00000000        0x0 ./emlib/em_emu.o
 .data          0x00000000        0x0 ./emlib/em_emu.o
 .bss           0x00000000        0x0 ./emlib/em_emu.o
 .text.SystemCoreClockUpdate
                0x00000000        0xc ./emlib/em_emu.o
 .text.EMU_Unlock
                0x00000000       0x18 ./emlib/em_emu.o
 .text.CMU_Lock
                0x00000000       0x14 ./emlib/em_emu.o
 .text.CMU_Unlock
                0x00000000       0x18 ./emlib/em_emu.o
 .text.emState  0x00000000       0xf0 ./emlib/em_emu.o
 .text.EMU_EnterEM2
                0x00000000       0x48 ./emlib/em_emu.o
 .text.EMU_EnterEM3
                0x00000000       0x6c ./emlib/em_emu.o
 .text.EMU_Save
                0x00000000       0x10 ./emlib/em_emu.o
 .text.EMU_Restore
                0x00000000       0x10 ./emlib/em_emu.o
 .text.EMU_EnterEM4
                0x00000000       0x5c ./emlib/em_emu.o
 .text.EMU_MemPwrDown
                0x00000000       0x10 ./emlib/em_emu.o
 .text.EMU_RamPowerDown
                0x00000000       0x24 ./emlib/em_emu.o
 .text.EMU_UpdateOscConfig
                0x00000000       0x10 ./emlib/em_emu.o
 .text.EMU_EM23Init
                0x00000000       0x30 ./emlib/em_emu.o
 .bss.cmuStatus.7797
                0x00000000        0x4 ./emlib/em_emu.o
 .bss.hfClock.7798
                0x00000000        0x1 ./emlib/em_emu.o
 .debug_info    0x00000000      0x85c ./emlib/em_emu.o
 .debug_abbrev  0x00000000      0x1fd ./emlib/em_emu.o
 .debug_loc     0x00000000      0x2bc ./emlib/em_emu.o
 .debug_aranges
                0x00000000       0x88 ./emlib/em_emu.o
 .debug_ranges  0x00000000       0x78 ./emlib/em_emu.o
 .debug_line    0x00000000      0x4c5 ./emlib/em_emu.o
 .debug_str     0x00000000      0x783 ./emlib/em_emu.o
 .comment       0x00000000       0x71 ./emlib/em_emu.o
 .debug_frame   0x00000000      0x1b4 ./emlib/em_emu.o
 .ARM.attributes
                0x00000000       0x32 ./emlib/em_emu.o
 .text          0x00000000        0x0 ./emlib/em_gpio.o
 .data          0x00000000        0x0 ./emlib/em_gpio.o
 .bss           0x00000000        0x0 ./emlib/em_gpio.o
 .text.BUS_RegBitWrite
                0x00000000       0x3c ./emlib/em_gpio.o
 .text.BUS_RegMaskedWrite
                0x00000000       0x24 ./emlib/em_gpio.o
 .text.GPIO_EM4SetPinRetention
                0x00000000       0x4c ./emlib/em_gpio.o
 .text.GPIO_DbgLocationSet
                0x00000000       0x10 ./emlib/em_gpio.o
 .text.GPIO_DriveModeSet
                0x00000000       0x90 ./emlib/em_gpio.o
 .text.GPIO_ExtIntConfig
                0x00000000      0x158 ./emlib/em_gpio.o
 .text.GPIO_PinModeGet
                0x00000000       0xe0 ./emlib/em_gpio.o
 .text.GPIO_EM4EnablePinWakeup
                0x00000000       0x98 ./emlib/em_gpio.o
 .text          0x00000000        0x0 ./emlib/em_i2c.o
 .data          0x00000000        0x0 ./emlib/em_i2c.o
 .bss           0x00000000        0x0 ./emlib/em_i2c.o
 .text.BUS_RegBitWrite
                0x00000000       0x3c ./emlib/em_i2c.o
 .text.BUS_RegMaskedWrite
                0x00000000       0x24 ./emlib/em_i2c.o
 .rodata.i2cNSum
                0x00000000        0x4 ./emlib/em_i2c.o
 .bss.i2cTransfer
                0x00000000        0xc ./emlib/em_i2c.o
 .text.I2C_BusFreqGet
                0x00000000       0x4c ./emlib/em_i2c.o
 .rodata        0x00000000       0x55 ./emlib/em_i2c.o
 .text.I2C_BusFreqSet
                0x00000000      0x16c ./emlib/em_i2c.o
 .text.I2C_Enable
                0x00000000       0x44 ./emlib/em_i2c.o
 .text.I2C_Init
                0x00000000       0x7c ./emlib/em_i2c.o
 .text.I2C_Reset
                0x00000000       0x38 ./emlib/em_i2c.o
 .text.I2C_Transfer
                0x00000000      0x41c ./emlib/em_i2c.o
 .rodata.I2C_Transfer
                0x00000000       0x24 ./emlib/em_i2c.o
 .text.I2C_TransferInit
                0x00000000       0xf0 ./emlib/em_i2c.o
 .debug_info    0x00000000      0x80c ./emlib/em_i2c.o
 .debug_abbrev  0x00000000      0x22a ./emlib/em_i2c.o
 .debug_loc     0x00000000      0x1f8 ./emlib/em_i2c.o
 .debug_aranges
                0x00000000       0x60 ./emlib/em_i2c.o
 .debug_ranges  0x00000000       0x50 ./emlib/em_i2c.o
 .debug_line    0x00000000      0x47e ./emlib/em_i2c.o
 .debug_str     0x00000000      0x74f ./emlib/em_i2c.o
 .comment       0x00000000       0x71 ./emlib/em_i2c.o
 .debug_frame   0x00000000      0x130 ./emlib/em_i2c.o
 .ARM.attributes
                0x00000000       0x32 ./emlib/em_i2c.o
 .text          0x00000000        0x0 ./emlib/em_usart.o
 .data          0x00000000        0x0 ./emlib/em_usart.o
 .bss           0x00000000        0x0 ./emlib/em_usart.o
 .text.USART_BaudrateAsyncSet
                0x00000000      0x14c ./emlib/em_usart.o
 .text.USART_BaudrateCalc
                0x00000000      0x124 ./emlib/em_usart.o
 .text.USART_BaudrateGet
                0x00000000       0x64 ./emlib/em_usart.o
 .text.USART_InitAsync
                0x00000000       0xa4 ./emlib/em_usart.o
 .text.USARTn_InitIrDA
                0x00000000       0xa0 ./emlib/em_usart.o
 .text.USART_InitI2s
                0x00000000       0xb8 ./emlib/em_usart.o
 .text.USART_InitPrsTrigger
                0x00000000       0x5c ./emlib/em_usart.o
 .text.USART_Rx
                0x00000000       0x24 ./emlib/em_usart.o
 .text.USART_RxDouble
                0x00000000       0x24 ./emlib/em_usart.o
 .text.USART_RxDoubleExt
                0x00000000       0x24 ./emlib/em_usart.o
 .text.USART_RxExt
                0x00000000       0x24 ./emlib/em_usart.o
 .text.USART_TxDouble
                0x00000000       0x28 ./emlib/em_usart.o
 .text.USART_TxDoubleExt
                0x00000000       0x24 ./emlib/em_usart.o
 .text.USART_TxExt
                0x00000000       0x28 ./emlib/em_usart.o
 .text          0x00000000        0x0 ./src/blink.o
 .data          0x00000000        0x0 ./src/blink.o
 .bss           0x00000000        0x0 ./src/blink.o
 .data          0x00000000        0x0 e:/simplicity_studio/developer/toolchains/gnu_arm/4.9_2015q3/bin/../lib/gcc/arm-none-eabi/4.9.3/armv6-m\libgcc.a(_udivsi3.o)
 .bss           0x00000000        0x0 e:/simplicity_studio/developer/toolchains/gnu_arm/4.9_2015q3/bin/../lib/gcc/arm-none-eabi/4.9.3/armv6-m\libgcc.a(_udivsi3.o)
 .data          0x00000000        0x0 e:/simplicity_studio/developer/toolchains/gnu_arm/4.9_2015q3/bin/../lib/gcc/arm-none-eabi/4.9.3/armv6-m\libgcc.a(_dvmd_tls.o)
 .bss           0x00000000        0x0 e:/simplicity_studio/developer/toolchains/gnu_arm/4.9_2015q3/bin/../lib/gcc/arm-none-eabi/4.9.3/armv6-m\libgcc.a(_dvmd_tls.o)
 .text          0x00000000       0x3c e:/simplicity_studio/developer/toolchains/gnu_arm/4.9_2015q3/bin/../lib/gcc/arm-none-eabi/4.9.3/armv6-m\libgcc.a(_clzsi2.o)
 .data          0x00000000        0x0 e:/simplicity_studio/developer/toolchains/gnu_arm/4.9_2015q3/bin/../lib/gcc/arm-none-eabi/4.9.3/armv6-m\libgcc.a(_clzsi2.o)
 .bss           0x00000000        0x0 e:/simplicity_studio/developer/toolchains/gnu_arm/4.9_2015q3/bin/../lib/gcc/arm-none-eabi/4.9.3/armv6-m\libgcc.a(_clzsi2.o)
 .ARM.attributes
                0x00000000       0x1e e:/simplicity_studio/developer/toolchains/gnu_arm/4.9_2015q3/bin/../lib/gcc/arm-none-eabi/4.9.3/armv6-m\libgcc.a(_clzsi2.o)
 .text          0x00000000       0x40 e:/simplicity_studio/developer/toolchains/gnu_arm/4.9_2015q3/bin/../lib/gcc/arm-none-eabi/4.9.3/armv6-m\libgcc.a(_aeabi_uldivmod.o)
 .data          0x00000000        0x0 e:/simplicity_studio/developer/toolchains/gnu_arm/4.9_2015q3/bin/../lib/gcc/arm-none-eabi/4.9.3/armv6-m\libgcc.a(_aeabi_uldivmod.o)
 .bss           0x00000000        0x0 e:/simplicity_studio/developer/toolchains/gnu_arm/4.9_2015q3/bin/../lib/gcc/arm-none-eabi/4.9.3/armv6-m\libgcc.a(_aeabi_uldivmod.o)
 .ARM.attributes
                0x00000000       0x1e e:/simplicity_studio/developer/toolchains/gnu_arm/4.9_2015q3/bin/../lib/gcc/arm-none-eabi/4.9.3/armv6-m\libgcc.a(_aeabi_uldivmod.o)
 .text          0x00000000       0x54 e:/simplicity_studio/developer/toolchains/gnu_arm/4.9_2015q3/bin/../lib/gcc/arm-none-eabi/4.9.3/armv6-m\libgcc.a(_muldi3.o)
 .data          0x00000000        0x0 e:/simplicity_studio/developer/toolchains/gnu_arm/4.9_2015q3/bin/../lib/gcc/arm-none-eabi/4.9.3/armv6-m\libgcc.a(_muldi3.o)
 .bss           0x00000000        0x0 e:/simplicity_studio/developer/toolchains/gnu_arm/4.9_2015q3/bin/../lib/gcc/arm-none-eabi/4.9.3/armv6-m\libgcc.a(_muldi3.o)
 .debug_frame   0x00000000       0x34 e:/simplicity_studio/developer/toolchains/gnu_arm/4.9_2015q3/bin/../lib/gcc/arm-none-eabi/4.9.3/armv6-m\libgcc.a(_muldi3.o)
 .ARM.attributes
                0x00000000       0x2c e:/simplicity_studio/developer/toolchains/gnu_arm/4.9_2015q3/bin/../lib/gcc/arm-none-eabi/4.9.3/armv6-m\libgcc.a(_muldi3.o)
 .text          0x00000000       0x6c e:/simplicity_studio/developer/toolchains/gnu_arm/4.9_2015q3/bin/../lib/gcc/arm-none-eabi/4.9.3/armv6-m\libgcc.a(bpabi.o)
 .data          0x00000000        0x0 e:/simplicity_studio/developer/toolchains/gnu_arm/4.9_2015q3/bin/../lib/gcc/arm-none-eabi/4.9.3/armv6-m\libgcc.a(bpabi.o)
 .bss           0x00000000        0x0 e:/simplicity_studio/developer/toolchains/gnu_arm/4.9_2015q3/bin/../lib/gcc/arm-none-eabi/4.9.3/armv6-m\libgcc.a(bpabi.o)
 .debug_frame   0x00000000       0x50 e:/simplicity_studio/developer/toolchains/gnu_arm/4.9_2015q3/bin/../lib/gcc/arm-none-eabi/4.9.3/armv6-m\libgcc.a(bpabi.o)
 .ARM.attributes
                0x00000000       0x2c e:/simplicity_studio/developer/toolchains/gnu_arm/4.9_2015q3/bin/../lib/gcc/arm-none-eabi/4.9.3/armv6-m\libgcc.a(bpabi.o)
 .text          0x00000000      0x1f0 e:/simplicity_studio/developer/toolchains/gnu_arm/4.9_2015q3/bin/../lib/gcc/arm-none-eabi/4.9.3/armv6-m\libgcc.a(_divdi3.o)
 .data          0x00000000        0x0 e:/simplicity_studio/developer/toolchains/gnu_arm/4.9_2015q3/bin/../lib/gcc/arm-none-eabi/4.9.3/armv6-m\libgcc.a(_divdi3.o)
 .bss           0x00000000        0x0 e:/simplicity_studio/developer/toolchains/gnu_arm/4.9_2015q3/bin/../lib/gcc/arm-none-eabi/4.9.3/armv6-m\libgcc.a(_divdi3.o)
 .ARM.extab     0x00000000        0x0 e:/simplicity_studio/developer/toolchains/gnu_arm/4.9_2015q3/bin/../lib/gcc/arm-none-eabi/4.9.3/armv6-m\libgcc.a(_divdi3.o)
 .ARM.exidx     0x00000000        0x8 e:/simplicity_studio/developer/toolchains/gnu_arm/4.9_2015q3/bin/../lib/gcc/arm-none-eabi/4.9.3/armv6-m\libgcc.a(_divdi3.o)
 .debug_frame   0x00000000       0x3c e:/simplicity_studio/developer/toolchains/gnu_arm/4.9_2015q3/bin/../lib/gcc/arm-none-eabi/4.9.3/armv6-m\libgcc.a(_divdi3.o)
 .ARM.attributes
                0x00000000       0x2c e:/simplicity_studio/developer/toolchains/gnu_arm/4.9_2015q3/bin/../lib/gcc/arm-none-eabi/4.9.3/armv6-m\libgcc.a(_divdi3.o)
 .text          0x00000000      0x158 e:/simplicity_studio/developer/toolchains/gnu_arm/4.9_2015q3/bin/../lib/gcc/arm-none-eabi/4.9.3/armv6-m\libgcc.a(_udivdi3.o)
 .data          0x00000000        0x0 e:/simplicity_studio/developer/toolchains/gnu_arm/4.9_2015q3/bin/../lib/gcc/arm-none-eabi/4.9.3/armv6-m\libgcc.a(_udivdi3.o)
 .bss           0x00000000        0x0 e:/simplicity_studio/developer/toolchains/gnu_arm/4.9_2015q3/bin/../lib/gcc/arm-none-eabi/4.9.3/armv6-m\libgcc.a(_udivdi3.o)
 .ARM.extab     0x00000000        0x0 e:/simplicity_studio/developer/toolchains/gnu_arm/4.9_2015q3/bin/../lib/gcc/arm-none-eabi/4.9.3/armv6-m\libgcc.a(_udivdi3.o)
 .ARM.exidx     0x00000000        0x8 e:/simplicity_studio/developer/toolchains/gnu_arm/4.9_2015q3/bin/../lib/gcc/arm-none-eabi/4.9.3/armv6-m\libgcc.a(_udivdi3.o)
 .debug_frame   0x00000000       0x3c e:/simplicity_studio/developer/toolchains/gnu_arm/4.9_2015q3/bin/../lib/gcc/arm-none-eabi/4.9.3/armv6-m\libgcc.a(_udivdi3.o)
 .ARM.attributes
                0x00000000       0x2c e:/simplicity_studio/developer/toolchains/gnu_arm/4.9_2015q3/bin/../lib/gcc/arm-none-eabi/4.9.3/armv6-m\libgcc.a(_udivdi3.o)
 .text          0x00000000       0x18 e:/simplicity_studio/developer/toolchains/gnu_arm/4.9_2015q3/bin/../lib/gcc/arm-none-eabi/4.9.3/armv6-m\libgcc.a(_clzdi2.o)
 .data          0x00000000        0x0 e:/simplicity_studio/developer/toolchains/gnu_arm/4.9_2015q3/bin/../lib/gcc/arm-none-eabi/4.9.3/armv6-m\libgcc.a(_clzdi2.o)
 .bss           0x00000000        0x0 e:/simplicity_studio/developer/toolchains/gnu_arm/4.9_2015q3/bin/../lib/gcc/arm-none-eabi/4.9.3/armv6-m\libgcc.a(_clzdi2.o)
 .ARM.attributes
                0x00000000       0x1e e:/simplicity_studio/developer/toolchains/gnu_arm/4.9_2015q3/bin/../lib/gcc/arm-none-eabi/4.9.3/armv6-m\libgcc.a(_clzdi2.o)
 .text          0x00000000        0x0 e:/simplicity_studio/developer/toolchains/gnu_arm/4.9_2015q3/bin/../lib/gcc/arm-none-eabi/4.9.3/../../../../arm-none-eabi/lib/armv6-m\libc_nano.a(lib_a-exit.o)
 .data          0x00000000        0x0 e:/simplicity_studio/developer/toolchains/gnu_arm/4.9_2015q3/bin/../lib/gcc/arm-none-eabi/4.9.3/../../../../arm-none-eabi/lib/armv6-m\libc_nano.a(lib_a-exit.o)
 .bss           0x00000000        0x0 e:/simplicity_studio/developer/toolchains/gnu_arm/4.9_2015q3/bin/../lib/gcc/arm-none-eabi/4.9.3/../../../../arm-none-eabi/lib/armv6-m\libc_nano.a(lib_a-exit.o)
 .text          0x00000000        0x0 e:/simplicity_studio/developer/toolchains/gnu_arm/4.9_2015q3/bin/../lib/gcc/arm-none-eabi/4.9.3/../../../../arm-none-eabi/lib/armv6-m\libc_nano.a(lib_a-impure.o)
 .data          0x00000000        0x0 e:/simplicity_studio/developer/toolchains/gnu_arm/4.9_2015q3/bin/../lib/gcc/arm-none-eabi/4.9.3/../../../../arm-none-eabi/lib/armv6-m\libc_nano.a(lib_a-impure.o)
 .bss           0x00000000        0x0 e:/simplicity_studio/developer/toolchains/gnu_arm/4.9_2015q3/bin/../lib/gcc/arm-none-eabi/4.9.3/../../../../arm-none-eabi/lib/armv6-m\libc_nano.a(lib_a-impure.o)
 .data._impure_ptr
                0x00000000        0x4 e:/simplicity_studio/developer/toolchains/gnu_arm/4.9_2015q3/bin/../lib/gcc/arm-none-eabi/4.9.3/../../../../arm-none-eabi/lib/armv6-m\libc_nano.a(lib_a-impure.o)
 .text          0x00000000        0x0 e:/simplicity_studio/developer/toolchains/gnu_arm/4.9_2015q3/bin/../lib/gcc/arm-none-eabi/4.9.3/../../../../arm-none-eabi/lib/armv6-m\libc_nano.a(lib_a-init.o)
 .data          0x00000000        0x0 e:/simplicity_studio/developer/toolchains/gnu_arm/4.9_2015q3/bin/../lib/gcc/arm-none-eabi/4.9.3/../../../../arm-none-eabi/lib/armv6-m\libc_nano.a(lib_a-init.o)
 .bss           0x00000000        0x0 e:/simplicity_studio/developer/toolchains/gnu_arm/4.9_2015q3/bin/../lib/gcc/arm-none-eabi/4.9.3/../../../../arm-none-eabi/lib/armv6-m\libc_nano.a(lib_a-init.o)
 .text          0x00000000        0x0 e:/simplicity_studio/developer/toolchains/gnu_arm/4.9_2015q3/bin/../lib/gcc/arm-none-eabi/4.9.3/../../../../arm-none-eabi/lib/armv6-m\libc_nano.a(lib_a-memset.o)
 .data          0x00000000        0x0 e:/simplicity_studio/developer/toolchains/gnu_arm/4.9_2015q3/bin/../lib/gcc/arm-none-eabi/4.9.3/../../../../arm-none-eabi/lib/armv6-m\libc_nano.a(lib_a-memset.o)
 .bss           0x00000000        0x0 e:/simplicity_studio/developer/toolchains/gnu_arm/4.9_2015q3/bin/../lib/gcc/arm-none-eabi/4.9.3/../../../../arm-none-eabi/lib/armv6-m\libc_nano.a(lib_a-memset.o)
 .text          0x00000000        0x0 e:/simplicity_studio/developer/toolchains/gnu_arm/4.9_2015q3/bin/../lib/gcc/arm-none-eabi/4.9.3/../../../../arm-none-eabi/lib/armv6-m\libnosys.a(_exit.o)
 .data          0x00000000        0x0 e:/simplicity_studio/developer/toolchains/gnu_arm/4.9_2015q3/bin/../lib/gcc/arm-none-eabi/4.9.3/../../../../arm-none-eabi/lib/armv6-m\libnosys.a(_exit.o)
 .bss           0x00000000        0x0 e:/simplicity_studio/developer/toolchains/gnu_arm/4.9_2015q3/bin/../lib/gcc/arm-none-eabi/4.9.3/../../../../arm-none-eabi/lib/armv6-m\libnosys.a(_exit.o)
 .text          0x00000000        0x0 e:/simplicity_studio/developer/toolchains/gnu_arm/4.9_2015q3/bin/../lib/gcc/arm-none-eabi/4.9.3/armv6-m/crtend.o
 .data          0x00000000        0x0 e:/simplicity_studio/developer/toolchains/gnu_arm/4.9_2015q3/bin/../lib/gcc/arm-none-eabi/4.9.3/armv6-m/crtend.o
 .bss           0x00000000        0x0 e:/simplicity_studio/developer/toolchains/gnu_arm/4.9_2015q3/bin/../lib/gcc/arm-none-eabi/4.9.3/armv6-m/crtend.o
 .text          0x00000000        0x0 e:/simplicity_studio/developer/toolchains/gnu_arm/4.9_2015q3/bin/../lib/gcc/arm-none-eabi/4.9.3/armv6-m/crtn.o
 .data          0x00000000        0x0 e:/simplicity_studio/developer/toolchains/gnu_arm/4.9_2015q3/bin/../lib/gcc/arm-none-eabi/4.9.3/armv6-m/crtn.o
 .bss           0x00000000        0x0 e:/simplicity_studio/developer/toolchains/gnu_arm/4.9_2015q3/bin/../lib/gcc/arm-none-eabi/4.9.3/armv6-m/crtn.o

Memory Configuration

Name             Origin             Length             Attributes
FLASH            0x00000000         0x00010000         xr
RAM              0x20000000         0x00002000         xrw
*default*        0x00000000         0xffffffff

Linker script and memory map

LOAD e:/simplicity_studio/developer/toolchains/gnu_arm/4.9_2015q3/bin/../lib/gcc/arm-none-eabi/4.9.3/armv6-m/crti.o
LOAD e:/simplicity_studio/developer/toolchains/gnu_arm/4.9_2015q3/bin/../lib/gcc/arm-none-eabi/4.9.3/armv6-m/crtbegin.o
LOAD e:/simplicity_studio/developer/toolchains/gnu_arm/4.9_2015q3/bin/../lib/gcc/arm-none-eabi/4.9.3/../../../../arm-none-eabi/lib/armv6-m/crt0.o
LOAD ./BSP/bsp_stk_leds.o
LOAD ./CMSIS/EFM32HG/startup_efm32hg.o
LOAD ./CMSIS/EFM32HG/system_efm32hg.o
LOAD ./emlib/em_assert.o
LOAD ./emlib/em_cmu.o
LOAD ./emlib/em_emu.o
LOAD ./emlib/em_gpio.o
LOAD ./emlib/em_i2c.o
LOAD ./emlib/em_usart.o
LOAD ./src/blink.o
START GROUP
LOAD e:/simplicity_studio/developer/toolchains/gnu_arm/4.9_2015q3/bin/../lib/gcc/arm-none-eabi/4.9.3/armv6-m\libgcc.a
LOAD e:/simplicity_studio/developer/toolchains/gnu_arm/4.9_2015q3/bin/../lib/gcc/arm-none-eabi/4.9.3/../../../../arm-none-eabi/lib/armv6-m\libc_nano.a
LOAD e:/simplicity_studio/developer/toolchains/gnu_arm/4.9_2015q3/bin/../lib/gcc/arm-none-eabi/4.9.3/../../../../arm-none-eabi/lib/armv6-m\libnosys.a
END GROUP
START GROUP
LOAD e:/simplicity_studio/developer/toolchains/gnu_arm/4.9_2015q3/bin/../lib/gcc/arm-none-eabi/4.9.3/armv6-m\libgcc.a
LOAD e:/simplicity_studio/developer/toolchains/gnu_arm/4.9_2015q3/bin/../lib/gcc/arm-none-eabi/4.9.3/../../../../arm-none-eabi/lib/armv6-m\libg_nano.a
LOAD e:/simplicity_studio/developer/toolchains/gnu_arm/4.9_2015q3/bin/../lib/gcc/arm-none-eabi/4.9.3/../../../../arm-none-eabi/lib/armv6-m\libc_nano.a
END GROUP
START GROUP
LOAD e:/simplicity_studio/developer/toolchains/gnu_arm/4.9_2015q3/bin/../lib/gcc/arm-none-eabi/4.9.3/armv6-m\libgcc.a
LOAD e:/simplicity_studio/developer/toolchains/gnu_arm/4.9_2015q3/bin/../lib/gcc/arm-none-eabi/4.9.3/../../../../arm-none-eabi/lib/armv6-m\libc_nano.a
END GROUP
LOAD e:/simplicity_studio/developer/toolchains/gnu_arm/4.9_2015q3/bin/../lib/gcc/arm-none-eabi/4.9.3/armv6-m/crtend.o
LOAD e:/simplicity_studio/developer/toolchains/gnu_arm/4.9_2015q3/bin/../lib/gcc/arm-none-eabi/4.9.3/armv6-m/crtn.o

.text           0x00000000     0x1f1c
 *(.vectors)
 .vectors       0x00000000       0x94 ./CMSIS/EFM32HG/startup_efm32hg.o
                0x00000000                __Vectors
                0x00000094                __Vectors_End = .
                0x00000094                __Vectors_Size = (__Vectors_End - __Vectors)
                0x00000094                __end__ = .
 *(.text*)
 .text          0x00000094       0x60 e:/simplicity_studio/developer/toolchains/gnu_arm/4.9_2015q3/bin/../lib/gcc/arm-none-eabi/4.9.3/armv6-m/crtbegin.o
 .text          0x000000f4       0x78 e:/simplicity_studio/developer/toolchains/gnu_arm/4.9_2015q3/bin/../lib/gcc/arm-none-eabi/4.9.3/../../../../arm-none-eabi/lib/armv6-m/crt0.o
                0x000000f4                _start
                0x000000f4                _mainCRTStartup
 .text          0x0000016c       0x30 ./CMSIS/EFM32HG/startup_efm32hg.o
                0x0000016c                Reset_Handler
                0x00000198                USART0_TX_IRQHandler
                0x00000198                I2C0_IRQHandler
                0x00000198                HardFault_Handler
                0x00000198                USART1_RX_IRQHandler
                0x00000198                PendSV_Handler
                0x00000198                NMI_Handler
                0x00000198                USART1_TX_IRQHandler
                0x00000198                MSC_IRQHandler
                0x00000198                ADC0_IRQHandler
                0x00000198                LEUART0_IRQHandler
                0x00000198                GPIO_EVEN_IRQHandler
                0x00000198                RTC_IRQHandler
                0x00000198                TIMER0_IRQHandler
                0x00000198                TIMER2_IRQHandler
                0x00000198                TIMER1_IRQHandler
                0x00000198                Default_Handler
                0x00000198                PCNT0_IRQHandler
                0x00000198                USB_IRQHandler
                0x00000198                ACMP0_IRQHandler
                0x00000198                USART0_RX_IRQHandler
                0x00000198                SVC_Handler
                0x00000198                CMU_IRQHandler
                0x00000198                GPIO_ODD_IRQHandler
                0x00000198                AES_IRQHandler
                0x00000198                VCMP_IRQHandler
                0x00000198                DMA_IRQHandler
 .text.SystemCoreClockGet
                0x0000019c       0x38 ./CMSIS/EFM32HG/system_efm32hg.o
                0x0000019c                SystemCoreClockGet
 .text.SystemMaxCoreClockGet
                0x000001d4       0x10 ./CMSIS/EFM32HG/system_efm32hg.o
                0x000001d4                SystemMaxCoreClockGet
 .text.SystemHFClockGet
                0x000001e4      0x100 ./CMSIS/EFM32HG/system_efm32hg.o
                0x000001e4                SystemHFClockGet
 .text.SystemInit
                0x000002e4        0x8 ./CMSIS/EFM32HG/system_efm32hg.o
                0x000002e4                SystemInit
 .text.SystemLFRCOClockGet
                0x000002ec       0x10 ./CMSIS/EFM32HG/system_efm32hg.o
                0x000002ec                SystemLFRCOClockGet
 .text.SystemULFRCOClockGet
                0x000002fc       0x10 ./CMSIS/EFM32HG/system_efm32hg.o
                0x000002fc                SystemULFRCOClockGet
 .text.SystemLFXOClockGet
                0x0000030c       0x14 ./CMSIS/EFM32HG/system_efm32hg.o
                0x0000030c                SystemLFXOClockGet
 .text.assertEFM
                0x00000320        0xc ./emlib/em_assert.o
                0x00000320                assertEFM
 .text.BUS_RegBitWrite
                0x0000032c       0x3c ./emlib/em_cmu.o
 .text.BUS_RegBitRead
                0x00000368       0x20 ./emlib/em_cmu.o
 .text.SYSTEM_GetProdRev
                0x00000388       0x18 ./emlib/em_cmu.o
 .text.auxClkGet
                0x000003a0       0xc0 ./emlib/em_cmu.o
 .text.dbgClkGet
                0x00000460       0x5c ./emlib/em_cmu.o
 .text.flashWaitStateControl
                0x000004bc       0x7c ./emlib/em_cmu.o
 .text.flashWaitStateMax
                0x00000538       0x18 ./emlib/em_cmu.o
 .text.CMU_UpdateWaitStates
                0x00000550       0x1c ./emlib/em_cmu.o
                0x00000550                CMU_UpdateWaitStates
 .text.lfClkGet
                0x0000056c      0x12c ./emlib/em_cmu.o
 .text.syncReg  0x00000698       0x2c ./emlib/em_cmu.o
 .text.usbCClkGet
                0x000006c4       0x6c ./emlib/em_cmu.o
 .text.CMU_ClockEnable
                0x00000730       0xc4 ./emlib/em_cmu.o
                0x00000730                CMU_ClockEnable
 .text.CMU_ClockFreqGet
                0x000007f4      0x154 ./emlib/em_cmu.o
                0x000007f4                CMU_ClockFreqGet
 .text.CMU_ClockSelectGet
                0x00000948      0x1ec ./emlib/em_cmu.o
                0x00000948                CMU_ClockSelectGet
 .text.CMU_ClockSelectSet
                0x00000b34      0x29c ./emlib/em_cmu.o
                0x00000b34                CMU_ClockSelectSet
 .text.CMU_OscillatorEnable
                0x00000dd0       0xe4 ./emlib/em_cmu.o
                0x00000dd0                CMU_OscillatorEnable
 .text.GPIO_PinOutClear
                0x00000eb4       0xac ./emlib/em_gpio.o
 .text.GPIO_PinOutSet
                0x00000f60       0xac ./emlib/em_gpio.o
 .text.GPIO_PinModeSet
                0x0000100c      0x1ac ./emlib/em_gpio.o
                0x0000100c                GPIO_PinModeSet
 .text.USART_BaudrateSyncSet
                0x000011b8       0x7c ./emlib/em_usart.o
                0x000011b8                USART_BaudrateSyncSet
 .text.USART_Enable
                0x00001234       0x60 ./emlib/em_usart.o
                0x00001234                USART_Enable
 .text.USART_InitSync
                0x00001294       0xdc ./emlib/em_usart.o
                0x00001294                USART_InitSync
 .text.USART_Reset
                0x00001370       0xa8 ./emlib/em_usart.o
                0x00001370                USART_Reset
 .text.USART_SpiTransfer
                0x00001418       0x3c ./emlib/em_usart.o
                0x00001418                USART_SpiTransfer
 .text.USART_Tx
                0x00001454       0x28 ./emlib/em_usart.o
                0x00001454                USART_Tx
 .text.NVIC_SetPriority
                0x0000147c       0xd4 ./src/blink.o
 .text.SysTick_Config
                0x00001550       0x48 ./src/blink.o
 .text.SYSTEM_GetProdRev
                0x00001598       0x18 ./src/blink.o
 .text.GPIO_PinOutClear
                0x000015b0       0xac ./src/blink.o
 .text.GPIO_PinOutSet
                0x0000165c       0xac ./src/blink.o
 .text.GPIO_PortOutClear
                0x00001708       0x74 ./src/blink.o
 .text.CHIP_Init
                0x0000177c       0x40 ./src/blink.o
 .text.SysTick_Handler
                0x000017bc       0x18 ./src/blink.o
                0x000017bc                SysTick_Handler
 .text.Delay    0x000017d4       0x28 ./src/blink.o
 .text.gpio_Setup
                0x000017fc       0x50 ./src/blink.o
                0x000017fc                gpio_Setup
 .text.usart0_Master_Setup
                0x0000184c       0x70 ./src/blink.o
                0x0000184c                usart0_Master_Setup
 .text.Chip_write_8_bit_data
                0x000018bc       0x64 ./src/blink.o
                0x000018bc                Chip_write_8_bit_data
 .text.Chip_read_8_bit_data
                0x00001920       0x70 ./src/blink.o
                0x00001920                Chip_read_8_bit_data
 .text.LSM9DS1_init
                0x00001990       0x28 ./src/blink.o
                0x00001990                LSM9DS1_init
 .text.main     0x000019b8       0xb4 ./src/blink.o
                0x000019b8                main
 .text          0x00001a6c      0x120 e:/simplicity_studio/developer/toolchains/gnu_arm/4.9_2015q3/bin/../lib/gcc/arm-none-eabi/4.9.3/armv6-m\libgcc.a(_udivsi3.o)
                0x00001a6c                __aeabi_uidiv
                0x00001a6c                __udivsi3
                0x00001b78                __aeabi_uidivmod
 .text          0x00001b8c        0x4 e:/simplicity_studio/developer/toolchains/gnu_arm/4.9_2015q3/bin/../lib/gcc/arm-none-eabi/4.9.3/armv6-m\libgcc.a(_dvmd_tls.o)
                0x00001b8c                __aeabi_idiv0
                0x00001b8c                __aeabi_ldiv0
 .text.exit     0x00001b90       0x2c e:/simplicity_studio/developer/toolchains/gnu_arm/4.9_2015q3/bin/../lib/gcc/arm-none-eabi/4.9.3/../../../../arm-none-eabi/lib/armv6-m\libc_nano.a(lib_a-exit.o)
                0x00001b90                exit
 .text.__libc_init_array
                0x00001bbc       0x4c e:/simplicity_studio/developer/toolchains/gnu_arm/4.9_2015q3/bin/../lib/gcc/arm-none-eabi/4.9.3/../../../../arm-none-eabi/lib/armv6-m\libc_nano.a(lib_a-init.o)
                0x00001bbc                __libc_init_array
 .text.memset   0x00001c08       0x10 e:/simplicity_studio/developer/toolchains/gnu_arm/4.9_2015q3/bin/../lib/gcc/arm-none-eabi/4.9.3/../../../../arm-none-eabi/lib/armv6-m\libc_nano.a(lib_a-memset.o)
                0x00001c08                memset
 .text._exit    0x00001c18        0x4 e:/simplicity_studio/developer/toolchains/gnu_arm/4.9_2015q3/bin/../lib/gcc/arm-none-eabi/4.9.3/../../../../arm-none-eabi/lib/armv6-m\libnosys.a(_exit.o)
                0x00001c18                _exit
 *(.init)
 .init          0x00001c1c        0x4 e:/simplicity_studio/developer/toolchains/gnu_arm/4.9_2015q3/bin/../lib/gcc/arm-none-eabi/4.9.3/armv6-m/crti.o
                0x00001c1c                _init
 .init          0x00001c20        0x8 e:/simplicity_studio/developer/toolchains/gnu_arm/4.9_2015q3/bin/../lib/gcc/arm-none-eabi/4.9.3/armv6-m/crtn.o
 *(.fini)
 .fini          0x00001c28        0x4 e:/simplicity_studio/developer/toolchains/gnu_arm/4.9_2015q3/bin/../lib/gcc/arm-none-eabi/4.9.3/armv6-m/crti.o
                0x00001c28                _fini
 .fini          0x00001c2c        0x8 e:/simplicity_studio/developer/toolchains/gnu_arm/4.9_2015q3/bin/../lib/gcc/arm-none-eabi/4.9.3/armv6-m/crtn.o
 *crtbegin.o(.ctors)
 *crtbegin?.o(.ctors)
 *(EXCLUDE_FILE(*crtend.o *crtend?.o) .ctors)
 *(SORT(.ctors.*))
 *(.ctors)
 *crtbegin.o(.dtors)
 *crtbegin?.o(.dtors)
 *(EXCLUDE_FILE(*crtend.o *crtend?.o) .dtors)
 *(SORT(.dtors.*))
 *(.dtors)
 *(.rodata*)
 .rodata        0x00001c34       0xb9 ./emlib/em_cmu.o
 *fill*         0x00001ced        0x3 
 .rodata.CMU_ClockEnable
                0x00001cf0       0x2c ./emlib/em_cmu.o
 .rodata.CMU_ClockSelectGet
                0x00001d1c       0x20 ./emlib/em_cmu.o
 .rodata.CMU_ClockSelectSet
                0x00001d3c       0x88 ./emlib/em_cmu.o
 .rodata.CMU_OscillatorEnable
                0x00001dc4       0x18 ./emlib/em_cmu.o
 .rodata        0x00001ddc       0xae ./emlib/em_gpio.o
 *fill*         0x00001e8a        0x2 
 .rodata        0x00001e8c       0x14 ./emlib/em_usart.o
 .rodata        0x00001ea0       0x70 ./src/blink.o
 .rodata.str1.1
                0x00001f10        0x2 e:/simplicity_studio/developer/toolchains/gnu_arm/4.9_2015q3/bin/../lib/gcc/arm-none-eabi/4.9.3/../../../../arm-none-eabi/lib/armv6-m\libc_nano.a(lib_a-impure.o)
 *fill*         0x00001f12        0x2 
 .rodata._global_impure_ptr
                0x00001f14        0x4 e:/simplicity_studio/developer/toolchains/gnu_arm/4.9_2015q3/bin/../lib/gcc/arm-none-eabi/4.9.3/../../../../arm-none-eabi/lib/armv6-m\libc_nano.a(lib_a-impure.o)
                0x00001f14                _global_impure_ptr
 *(.eh_frame*)
 .eh_frame      0x00001f18        0x0 e:/simplicity_studio/developer/toolchains/gnu_arm/4.9_2015q3/bin/../lib/gcc/arm-none-eabi/4.9.3/armv6-m/crtbegin.o
 .eh_frame      0x00001f18        0x4 e:/simplicity_studio/developer/toolchains/gnu_arm/4.9_2015q3/bin/../lib/gcc/arm-none-eabi/4.9.3/armv6-m/crtend.o

.glue_7         0x00001f1c        0x0
 .glue_7        0x00000000        0x0 linker stubs

.glue_7t        0x00001f1c        0x0
 .glue_7t       0x00000000        0x0 linker stubs

.vfp11_veneer   0x00001f1c        0x0
 .vfp11_veneer  0x00000000        0x0 linker stubs

.v4_bx          0x00001f1c        0x0
 .v4_bx         0x00000000        0x0 linker stubs

.iplt           0x00001f1c        0x0
 .iplt          0x00000000        0x0 e:/simplicity_studio/developer/toolchains/gnu_arm/4.9_2015q3/bin/../lib/gcc/arm-none-eabi/4.9.3/armv6-m/crtbegin.o

.ARM.extab
 *(.ARM.extab* .gnu.linkonce.armextab.*)
                0x00001f1c                __exidx_start = .

.ARM.exidx      0x00001f1c        0x8
 *(.ARM.exidx* .gnu.linkonce.armexidx.*)
 .ARM.exidx     0x00001f1c        0x8 e:/simplicity_studio/developer/toolchains/gnu_arm/4.9_2015q3/bin/../lib/gcc/arm-none-eabi/4.9.3/../../../../arm-none-eabi/lib/armv6-m/crt0.o
                0x00001f24                __exidx_end = .
                0x00001f24                __etext = .

.rel.dyn        0x00001f24        0x0
 .rel.iplt      0x00000000        0x0 e:/simplicity_studio/developer/toolchains/gnu_arm/4.9_2015q3/bin/../lib/gcc/arm-none-eabi/4.9.3/armv6-m/crtbegin.o

.data           0x20000000       0x7c load address 0x00001f24
                0x20000000                __data_start__ = .
 *(vtable)
 *(.data*)
 .data.SystemHFXOClock
                0x20000000        0x4 ./CMSIS/EFM32HG/system_efm32hg.o
 .data.SystemLFXOClock
                0x20000004        0x4 ./CMSIS/EFM32HG/system_efm32hg.o
 .data.SystemCoreClock
                0x20000008        0x4 ./CMSIS/EFM32HG/system_efm32hg.o
                0x20000008                SystemCoreClock
 .data.ushfrcoFreq
                0x2000000c        0x4 ./emlib/em_cmu.o
 .data.impure_data
                0x20000010       0x60 e:/simplicity_studio/developer/toolchains/gnu_arm/4.9_2015q3/bin/../lib/gcc/arm-none-eabi/4.9.3/../../../../arm-none-eabi/lib/armv6-m\libc_nano.a(lib_a-impure.o)
                0x20000070                . = ALIGN (0x4)
 *(.ram)
                0x20000070                . = ALIGN (0x4)
                0x20000070                PROVIDE (__preinit_array_start, .)
 *(.preinit_array)
                0x20000070                PROVIDE (__preinit_array_end, .)
                0x20000070                . = ALIGN (0x4)
                0x20000070                PROVIDE (__init_array_start, .)
 *(SORT(.init_array.*))
 *(.init_array)
 .init_array    0x20000070        0x4 e:/simplicity_studio/developer/toolchains/gnu_arm/4.9_2015q3/bin/../lib/gcc/arm-none-eabi/4.9.3/armv6-m/crtbegin.o
                0x20000074                PROVIDE (__init_array_end, .)
                0x20000074                . = ALIGN (0x4)
                0x20000074                PROVIDE (__fini_array_start, .)
 *(SORT(.fini_array.*))
 *(.fini_array)
 .fini_array    0x20000074        0x4 e:/simplicity_studio/developer/toolchains/gnu_arm/4.9_2015q3/bin/../lib/gcc/arm-none-eabi/4.9.3/armv6-m/crtbegin.o
                0x20000078                PROVIDE (__fini_array_end, .)
 *(.jcr*)
 .jcr           0x20000078        0x0 e:/simplicity_studio/developer/toolchains/gnu_arm/4.9_2015q3/bin/../lib/gcc/arm-none-eabi/4.9.3/armv6-m/crtbegin.o
 .jcr           0x20000078        0x4 e:/simplicity_studio/developer/toolchains/gnu_arm/4.9_2015q3/bin/../lib/gcc/arm-none-eabi/4.9.3/armv6-m/crtend.o
                0x2000007c                . = ALIGN (0x4)
                0x2000007c                __data_end__ = .

.igot.plt       0x2000007c        0x0 load address 0x00001fa0
 .igot.plt      0x00000000        0x0 e:/simplicity_studio/developer/toolchains/gnu_arm/4.9_2015q3/bin/../lib/gcc/arm-none-eabi/4.9.3/armv6-m/crtbegin.o

.bss            0x2000007c       0x20 load address 0x00001fa0
                0x2000007c                . = ALIGN (0x4)
                0x2000007c                __bss_start__ = .
 *(.bss*)
 .bss           0x2000007c       0x1c e:/simplicity_studio/developer/toolchains/gnu_arm/4.9_2015q3/bin/../lib/gcc/arm-none-eabi/4.9.3/armv6-m/crtbegin.o
 .bss.msTicks   0x20000098        0x4 ./src/blink.o
 *(COMMON)
                0x2000009c                . = ALIGN (0x4)
                0x2000009c                __bss_end__ = .

.heap           0x200000a0      0x400
                0x200000a0                __HeapBase = .
                0x200000a0                __end__ = .
                0x200000a0                end = __end__
                0x200000a0                _end = __end__
 *(.heap*)
 .heap          0x200000a0      0x400 ./CMSIS/EFM32HG/startup_efm32hg.o
                0x200004a0                __HeapLimit = .

.stack_dummy    0x200000a0      0x400
 *(.stack*)
 .stack         0x200000a0      0x400 ./CMSIS/EFM32HG/startup_efm32hg.o
                0x20002000                __StackTop = (ORIGIN (RAM) + 0x2000)
                0x20001c00                __StackLimit = (__StackTop - SIZEOF (.stack_dummy))
                0x20002000                PROVIDE (__stack, __StackTop)
                0x00000001                ASSERT ((__StackLimit >= __HeapLimit), region RAM overflowed with stack)
                0x00000001                ASSERT ((0x10000 >= (__etext + SIZEOF (.data))), FLASH memory overflowed !)
OUTPUT(SLSTK3400A_blink_4.axf elf32-littlearm)

.ARM.attributes
                0x00000000       0x28
 .ARM.attributes
                0x00000000       0x1e e:/simplicity_studio/developer/toolchains/gnu_arm/4.9_2015q3/bin/../lib/gcc/arm-none-eabi/4.9.3/armv6-m/crti.o
 .ARM.attributes
                0x0000001e       0x2c e:/simplicity_studio/developer/toolchains/gnu_arm/4.9_2015q3/bin/../lib/gcc/arm-none-eabi/4.9.3/armv6-m/crtbegin.o
 .ARM.attributes
                0x0000004a       0x1b e:/simplicity_studio/developer/toolchains/gnu_arm/4.9_2015q3/bin/../lib/gcc/arm-none-eabi/4.9.3/../../../../arm-none-eabi/lib/armv6-m/crt0.o
 .ARM.attributes
                0x00000065       0x1b ./CMSIS/EFM32HG/startup_efm32hg.o
 .ARM.attributes
                0x00000080       0x32 ./CMSIS/EFM32HG/system_efm32hg.o
 .ARM.attributes
                0x000000b2       0x32 ./emlib/em_assert.o
 .ARM.attributes
                0x000000e4       0x32 ./emlib/em_cmu.o
 .ARM.attributes
                0x00000116       0x32 ./emlib/em_gpio.o
 .ARM.attributes
                0x00000148       0x32 ./emlib/em_usart.o
 .ARM.attributes
                0x0000017a       0x32 ./src/blink.o
 .ARM.attributes
                0x000001ac       0x1e e:/simplicity_studio/developer/toolchains/gnu_arm/4.9_2015q3/bin/../lib/gcc/arm-none-eabi/4.9.3/armv6-m\libgcc.a(_udivsi3.o)
 .ARM.attributes
                0x000001ca       0x1e e:/simplicity_studio/developer/toolchains/gnu_arm/4.9_2015q3/bin/../lib/gcc/arm-none-eabi/4.9.3/armv6-m\libgcc.a(_dvmd_tls.o)
 .ARM.attributes
                0x000001e8       0x2c e:/simplicity_studio/developer/toolchains/gnu_arm/4.9_2015q3/bin/../lib/gcc/arm-none-eabi/4.9.3/../../../../arm-none-eabi/lib/armv6-m\libc_nano.a(lib_a-exit.o)
 .ARM.attributes
                0x00000214       0x2c e:/simplicity_studio/developer/toolchains/gnu_arm/4.9_2015q3/bin/../lib/gcc/arm-none-eabi/4.9.3/../../../../arm-none-eabi/lib/armv6-m\libc_nano.a(lib_a-impure.o)
 .ARM.attributes
                0x00000240       0x2c e:/simplicity_studio/developer/toolchains/gnu_arm/4.9_2015q3/bin/../lib/gcc/arm-none-eabi/4.9.3/../../../../arm-none-eabi/lib/armv6-m\libc_nano.a(lib_a-init.o)
 .ARM.attributes
                0x0000026c       0x2c e:/simplicity_studio/developer/toolchains/gnu_arm/4.9_2015q3/bin/../lib/gcc/arm-none-eabi/4.9.3/../../../../arm-none-eabi/lib/armv6-m\libc_nano.a(lib_a-memset.o)
 .ARM.attributes
                0x00000298       0x2c e:/simplicity_studio/developer/toolchains/gnu_arm/4.9_2015q3/bin/../lib/gcc/arm-none-eabi/4.9.3/../../../../arm-none-eabi/lib/armv6-m\libnosys.a(_exit.o)
 .ARM.attributes
                0x000002c4       0x2c e:/simplicity_studio/developer/toolchains/gnu_arm/4.9_2015q3/bin/../lib/gcc/arm-none-eabi/4.9.3/armv6-m/crtend.o
 .ARM.attributes
                0x000002f0       0x1e e:/simplicity_studio/developer/toolchains/gnu_arm/4.9_2015q3/bin/../lib/gcc/arm-none-eabi/4.9.3/armv6-m/crtn.o

.comment        0x00000000       0x70
 .comment       0x00000000       0x70 ./CMSIS/EFM32HG/system_efm32hg.o
                                 0x71 (size before relaxing)
 .comment       0x00000000       0x71 ./emlib/em_assert.o
 .comment       0x00000000       0x71 ./emlib/em_cmu.o
 .comment       0x00000000       0x71 ./emlib/em_gpio.o
 .comment       0x00000000       0x71 ./emlib/em_usart.o
 .comment       0x00000000       0x71 ./src/blink.o

.debug_line     0x00000000     0x1d69
 .debug_line    0x00000000       0xc7 ./CMSIS/EFM32HG/startup_efm32hg.o
 .debug_line    0x000000c7      0x2b5 ./CMSIS/EFM32HG/system_efm32hg.o
 .debug_line    0x0000037c       0x8d ./emlib/em_assert.o
 .debug_line    0x00000409      0x9cd ./emlib/em_cmu.o
 .debug_line    0x00000dd6      0x4e3 ./emlib/em_gpio.o
 .debug_line    0x000012b9      0x54d ./emlib/em_usart.o
 .debug_line    0x00001806      0x563 ./src/blink.o

.debug_info     0x00000000     0x3b7f
 .debug_info    0x00000000      0x109 ./CMSIS/EFM32HG/startup_efm32hg.o
 .debug_info    0x00000109      0x48d ./CMSIS/EFM32HG/system_efm32hg.o
 .debug_info    0x00000596       0x76 ./emlib/em_assert.o
 .debug_info    0x0000060c     0x1292 ./emlib/em_cmu.o
 .debug_info    0x0000189e      0x64a ./emlib/em_gpio.o
 .debug_info    0x00001ee8      0xdf6 ./emlib/em_usart.o
 .debug_info    0x00002cde      0xea1 ./src/blink.o

.debug_abbrev   0x00000000      0xa69
 .debug_abbrev  0x00000000       0x14 ./CMSIS/EFM32HG/startup_efm32hg.o
 .debug_abbrev  0x00000014      0x142 ./CMSIS/EFM32HG/system_efm32hg.o
 .debug_abbrev  0x00000156       0x63 ./emlib/em_assert.o
 .debug_abbrev  0x000001b9      0x29b ./emlib/em_cmu.o
 .debug_abbrev  0x00000454      0x1d0 ./emlib/em_gpio.o
 .debug_abbrev  0x00000624      0x1ce ./emlib/em_usart.o
 .debug_abbrev  0x000007f2      0x277 ./src/blink.o

.debug_aranges  0x00000000      0x3c0
 .debug_aranges
                0x00000000       0x20 ./CMSIS/EFM32HG/startup_efm32hg.o
 .debug_aranges
                0x00000020       0x68 ./CMSIS/EFM32HG/system_efm32hg.o
 .debug_aranges
                0x00000088       0x20 ./emlib/em_assert.o
 .debug_aranges
                0x000000a8      0x160 ./emlib/em_cmu.o
 .debug_aranges
                0x00000208       0x70 ./emlib/em_gpio.o
 .debug_aranges
                0x00000278       0xb8 ./emlib/em_usart.o
 .debug_aranges
                0x00000330       0x90 ./src/blink.o

.debug_loc      0x00000000     0x149a
 .debug_loc     0x00000000      0x1e8 ./CMSIS/EFM32HG/system_efm32hg.o
 .debug_loc     0x000001e8       0x38 ./emlib/em_assert.o
 .debug_loc     0x00000220      0x898 ./emlib/em_cmu.o
 .debug_loc     0x00000ab8      0x268 ./emlib/em_gpio.o
 .debug_loc     0x00000d20      0x462 ./emlib/em_usart.o
 .debug_loc     0x00001182      0x318 ./src/blink.o

.debug_ranges   0x00000000      0x340
 .debug_ranges  0x00000000       0x58 ./CMSIS/EFM32HG/system_efm32hg.o
 .debug_ranges  0x00000058       0x10 ./emlib/em_assert.o
 .debug_ranges  0x00000068      0x150 ./emlib/em_cmu.o
 .debug_ranges  0x000001b8       0x60 ./emlib/em_gpio.o
 .debug_ranges  0x00000218       0xa8 ./emlib/em_usart.o
 .debug_ranges  0x000002c0       0x80 ./src/blink.o

.debug_str      0x00000000     0x1e76
 .debug_str     0x00000000      0x3e7 ./CMSIS/EFM32HG/system_efm32hg.o
                                0x444 (size before relaxing)
 .debug_str     0x000003e7       0x6c ./emlib/em_assert.o
                                0x146 (size before relaxing)
 .debug_str     0x00000453      0xa53 ./emlib/em_cmu.o
                                0xd63 (size before relaxing)
 .debug_str     0x00000ea6      0x3fe ./emlib/em_gpio.o
                                0x5eb (size before relaxing)
 .debug_str     0x000012a4      0x8ef ./emlib/em_usart.o
                                0xc83 (size before relaxing)
 .debug_str     0x00001b93      0x2e3 ./src/blink.o
                                0xdb2 (size before relaxing)

.debug_frame    0x00000000      0xd18
 .debug_frame   0x00000000      0x138 ./CMSIS/EFM32HG/system_efm32hg.o
 .debug_frame   0x00000138       0x30 ./emlib/em_assert.o
 .debug_frame   0x00000168      0x510 ./emlib/em_cmu.o
 .debug_frame   0x00000678      0x174 ./emlib/em_gpio.o
 .debug_frame   0x000007ec      0x294 ./emlib/em_usart.o
 .debug_frame   0x00000a80      0x1e4 ./src/blink.o
 .debug_frame   0x00000c64       0x20 e:/simplicity_studio/developer/toolchains/gnu_arm/4.9_2015q3/bin/../lib/gcc/arm-none-eabi/4.9.3/armv6-m\libgcc.a(_udivsi3.o)
 .debug_frame   0x00000c84       0x28 e:/simplicity_studio/developer/toolchains/gnu_arm/4.9_2015q3/bin/../lib/gcc/arm-none-eabi/4.9.3/../../../../arm-none-eabi/lib/armv6-m\libc_nano.a(lib_a-exit.o)
 .debug_frame   0x00000cac       0x2c e:/simplicity_studio/developer/toolchains/gnu_arm/4.9_2015q3/bin/../lib/gcc/arm-none-eabi/4.9.3/../../../../arm-none-eabi/lib/armv6-m\libc_nano.a(lib_a-init.o)
 .debug_frame   0x00000cd8       0x20 e:/simplicity_studio/developer/toolchains/gnu_arm/4.9_2015q3/bin/../lib/gcc/arm-none-eabi/4.9.3/../../../../arm-none-eabi/lib/armv6-m\libc_nano.a(lib_a-memset.o)
 .debug_frame   0x00000cf8       0x20 e:/simplicity_studio/developer/toolchains/gnu_arm/4.9_2015q3/bin/../lib/gcc/arm-none-eabi/4.9.3/../../../../arm-none-eabi/lib/armv6-m\libnosys.a(_exit.o)
